[0.007s] Invoking command in '/home/lee/workspace/ros2_ex_mav/build/mav': AMENT_PREFIX_PATH=/home/lee/workspace/ros2_ex_mav/install/px4_msgs:${AMENT_PREFIX_PATH} CMAKE_PREFIX_PATH=/home/lee/workspace/ros2_ex_mav/install/px4_msgs:/home/lee/workspace/ros2_ex/install/mav:/home/lee/workspace/ros2_ex/install/ground:/home/lee/workspace/ros2_ex/install/MAV4:/home/lee/workspace/ros2_ex/install/MAV3:/home/lee/workspace/ros2_ex/install/MAV2:/home/lee/workspace/ros2_ex/install/MAV1:/home/lee/workspace/ros2_ex/install/MAV:/home/lee/workspace/ros2_ex/install/px4_msgs:/opt/ros/humble LD_LIBRARY_PATH=/home/lee/workspace/ros2_ex_mav/install/px4_msgs/lib:${LD_LIBRARY_PATH} PYTHONPATH=/home/lee/workspace/ros2_ex_mav/install/px4_msgs/local/lib/python3.10/dist-packages:${PYTHONPATH} /usr/bin/cmake /home/lee/workspace/ros2_ex_mav/src/MAV -DCMAKE_INSTALL_PREFIX=/home/lee/workspace/ros2_ex_mav/install/mav
[0.038s] -- The C compiler identification is GNU 11.4.0
[0.068s] -- The CXX compiler identification is GNU 11.4.0
[0.072s] -- Detecting C compiler ABI info
[0.111s] -- Detecting C compiler ABI info - done
[0.114s] -- Check for working C compiler: /usr/bin/cc - skipped
[0.114s] -- Detecting C compile features
[0.114s] -- Detecting C compile features - done
[0.115s] -- Detecting CXX compiler ABI info
[0.159s] -- Detecting CXX compiler ABI info - done
[0.162s] -- Check for working CXX compiler: /usr/bin/c++ - skipped
[0.162s] -- Detecting CXX compile features
[0.162s] -- Detecting CXX compile features - done
[0.163s] -- Found ament_cmake: 1.3.12 (/opt/ros/humble/share/ament_cmake/cmake)
[0.341s] -- Found Python3: /usr/bin/python3 (found version "3.10.12") found components: Interpreter 
[0.392s] -- Found rclcpp: 16.0.15 (/opt/ros/humble/share/rclcpp/cmake)
[0.418s] -- Found rosidl_generator_c: 3.1.7 (/opt/ros/humble/share/rosidl_generator_c/cmake)
[0.421s] -- Found rosidl_adapter: 3.1.7 (/opt/ros/humble/share/rosidl_adapter/cmake)
[0.425s] -- Found rosidl_generator_cpp: 3.1.7 (/opt/ros/humble/share/rosidl_generator_cpp/cmake)
[0.430s] -- Using all available rosidl_typesupport_c: rosidl_typesupport_fastrtps_c;rosidl_typesupport_introspection_c
[0.437s] -- Using all available rosidl_typesupport_cpp: rosidl_typesupport_fastrtps_cpp;rosidl_typesupport_introspection_cpp
[0.464s] -- Found rmw_implementation_cmake: 6.1.2 (/opt/ros/humble/share/rmw_implementation_cmake/cmake)
[0.466s] -- Found rmw_fastrtps_cpp: 6.2.8 (/opt/ros/humble/share/rmw_fastrtps_cpp/cmake)
[0.524s] -- Found OpenSSL: /usr/lib/x86_64-linux-gnu/libcrypto.so (found version "3.0.2")  
[0.544s] -- Found FastRTPS: /opt/ros/humble/include  
[0.570s] -- Using RMW implementation 'rmw_fastrtps_cpp' as default
[0.576s] -- Looking for pthread.h
[0.618s] -- Looking for pthread.h - found
[0.618s] -- Performing Test CMAKE_HAVE_LIBC_PTHREAD
[0.658s] -- Performing Test CMAKE_HAVE_LIBC_PTHREAD - Success
[0.659s] -- Found Threads: TRUE  
[0.693s] -- Found message_filters: 4.3.8 (/opt/ros/humble/share/message_filters/cmake)
[0.695s] -- Found geometry_msgs: 4.9.0 (/opt/ros/humble/share/geometry_msgs/cmake)
[0.702s] -- Found nav_msgs: 4.9.0 (/opt/ros/humble/share/nav_msgs/cmake)
[0.713s] -- Found tf2: 0.25.16 (/opt/ros/humble/share/tf2/cmake)
[0.718s] -- Found tf2_ros: 0.25.16 (/opt/ros/humble/share/tf2_ros/cmake)
[0.767s] -- Found px4_msgs: 2.0.1 (/home/lee/workspace/ros2_ex_mav/install/px4_msgs/share/px4_msgs/cmake)
[0.779s] -- Found ament_lint_auto: 0.12.14 (/opt/ros/humble/share/ament_lint_auto/cmake)
[0.821s] -- Added test 'cppcheck' to perform static code analysis on C / C++ code
[0.821s] -- Configured cppcheck include dirs: /home/lee/workspace/ros2_ex_mav/src/MAV/include
[0.821s] -- Configured cppcheck exclude dirs and/or files: 
[0.822s] -- Added test 'lint_cmake' to check CMake code style
[0.822s] -- Added test 'uncrustify' to check C / C++ code style
[0.822s] -- Configured uncrustify additional arguments: 
[0.822s] -- Added test 'xmllint' to check XML markup files
[0.823s] -- Configuring done
[0.835s] -- Generating done
[0.841s] -- Build files have been written to: /home/lee/workspace/ros2_ex_mav/build/mav
[0.846s] Invoked command in '/home/lee/workspace/ros2_ex_mav/build/mav' returned '0': AMENT_PREFIX_PATH=/home/lee/workspace/ros2_ex_mav/install/px4_msgs:${AMENT_PREFIX_PATH} CMAKE_PREFIX_PATH=/home/lee/workspace/ros2_ex_mav/install/px4_msgs:/home/lee/workspace/ros2_ex/install/mav:/home/lee/workspace/ros2_ex/install/ground:/home/lee/workspace/ros2_ex/install/MAV4:/home/lee/workspace/ros2_ex/install/MAV3:/home/lee/workspace/ros2_ex/install/MAV2:/home/lee/workspace/ros2_ex/install/MAV1:/home/lee/workspace/ros2_ex/install/MAV:/home/lee/workspace/ros2_ex/install/px4_msgs:/opt/ros/humble LD_LIBRARY_PATH=/home/lee/workspace/ros2_ex_mav/install/px4_msgs/lib:${LD_LIBRARY_PATH} PYTHONPATH=/home/lee/workspace/ros2_ex_mav/install/px4_msgs/local/lib/python3.10/dist-packages:${PYTHONPATH} /usr/bin/cmake /home/lee/workspace/ros2_ex_mav/src/MAV -DCMAKE_INSTALL_PREFIX=/home/lee/workspace/ros2_ex_mav/install/mav
[0.847s] Invoking command in '/home/lee/workspace/ros2_ex_mav/build/mav': AMENT_PREFIX_PATH=/home/lee/workspace/ros2_ex_mav/install/px4_msgs:${AMENT_PREFIX_PATH} CMAKE_PREFIX_PATH=/home/lee/workspace/ros2_ex_mav/install/px4_msgs:/home/lee/workspace/ros2_ex/install/mav:/home/lee/workspace/ros2_ex/install/ground:/home/lee/workspace/ros2_ex/install/MAV4:/home/lee/workspace/ros2_ex/install/MAV3:/home/lee/workspace/ros2_ex/install/MAV2:/home/lee/workspace/ros2_ex/install/MAV1:/home/lee/workspace/ros2_ex/install/MAV:/home/lee/workspace/ros2_ex/install/px4_msgs:/opt/ros/humble LD_LIBRARY_PATH=/home/lee/workspace/ros2_ex_mav/install/px4_msgs/lib:${LD_LIBRARY_PATH} PYTHONPATH=/home/lee/workspace/ros2_ex_mav/install/px4_msgs/local/lib/python3.10/dist-packages:${PYTHONPATH} /usr/bin/cmake --build /home/lee/workspace/ros2_ex_mav/build/mav -- -j32 -l32
[0.875s] [ 12%] [32mBuilding CXX object CMakeFiles/mav2.dir/node/mav2.cpp.o[0m
[0.876s] [ 12%] [32mBuilding CXX object CMakeFiles/mav1.dir/node/mav1.cpp.o[0m
[0.876s] [ 18%] [32mBuilding CXX object CMakeFiles/mav4.dir/node/mav4.cpp.o[0m
[0.876s] [ 25%] [32mBuilding CXX object CMakeFiles/mav3.dir/node/mav3.cpp.o[0m
[0.877s] [ 31%] [32mBuilding CXX object CMakeFiles/mav1_syn.dir/node/mav1_syn.cpp.o[0m
[0.877s] [ 37%] [32mBuilding CXX object CMakeFiles/mav3_syn.dir/node/mav3_syn.cpp.o[0m
[0.877s] [ 43%] [32mBuilding CXX object CMakeFiles/mav4_syn.dir/node/mav4_syn.cpp.o[0m
[0.879s] [ 50%] [32mBuilding CXX object CMakeFiles/mav2_syn.dir/node/mav2_syn.cpp.o[0m
[9.054s] [ 56%] [32m[1mLinking CXX executable mav3[0m
[9.449s] [ 56%] Built target mav3
[9.639s] [ 62%] [32m[1mLinking CXX executable mav3_syn[0m
[10.086s] [ 68%] [32m[1mLinking CXX executable mav1[0m
[10.250s] [ 68%] Built target mav3_syn
[10.337s] [ 75%] [32m[1mLinking CXX executable mav2_syn[0m
[10.389s] [ 81%] [32m[1mLinking CXX executable mav4_syn[0m
[10.506s] [ 81%] Built target mav1
[10.619s] [ 87%] [32m[1mLinking CXX executable mav2[0m
[10.735s] [ 87%] Built target mav2_syn
[10.785s] [ 87%] Built target mav4_syn
[10.857s] [ 93%] [32m[1mLinking CXX executable mav1_syn[0m
[10.988s] [ 93%] Built target mav2
[11.221s] [ 93%] Built target mav1_syn
[11.942s] [100%] [32m[1mLinking CXX executable mav4[0m
[12.278s] [100%] Built target mav4
[12.285s] Invoked command in '/home/lee/workspace/ros2_ex_mav/build/mav' returned '0': AMENT_PREFIX_PATH=/home/lee/workspace/ros2_ex_mav/install/px4_msgs:${AMENT_PREFIX_PATH} CMAKE_PREFIX_PATH=/home/lee/workspace/ros2_ex_mav/install/px4_msgs:/home/lee/workspace/ros2_ex/install/mav:/home/lee/workspace/ros2_ex/install/ground:/home/lee/workspace/ros2_ex/install/MAV4:/home/lee/workspace/ros2_ex/install/MAV3:/home/lee/workspace/ros2_ex/install/MAV2:/home/lee/workspace/ros2_ex/install/MAV1:/home/lee/workspace/ros2_ex/install/MAV:/home/lee/workspace/ros2_ex/install/px4_msgs:/opt/ros/humble LD_LIBRARY_PATH=/home/lee/workspace/ros2_ex_mav/install/px4_msgs/lib:${LD_LIBRARY_PATH} PYTHONPATH=/home/lee/workspace/ros2_ex_mav/install/px4_msgs/local/lib/python3.10/dist-packages:${PYTHONPATH} /usr/bin/cmake --build /home/lee/workspace/ros2_ex_mav/build/mav -- -j32 -l32
[12.286s] Invoking command in '/home/lee/workspace/ros2_ex_mav/build/mav': AMENT_PREFIX_PATH=/home/lee/workspace/ros2_ex_mav/install/px4_msgs:${AMENT_PREFIX_PATH} CMAKE_PREFIX_PATH=/home/lee/workspace/ros2_ex_mav/install/px4_msgs:/home/lee/workspace/ros2_ex/install/mav:/home/lee/workspace/ros2_ex/install/ground:/home/lee/workspace/ros2_ex/install/MAV4:/home/lee/workspace/ros2_ex/install/MAV3:/home/lee/workspace/ros2_ex/install/MAV2:/home/lee/workspace/ros2_ex/install/MAV1:/home/lee/workspace/ros2_ex/install/MAV:/home/lee/workspace/ros2_ex/install/px4_msgs:/opt/ros/humble LD_LIBRARY_PATH=/home/lee/workspace/ros2_ex_mav/install/px4_msgs/lib:${LD_LIBRARY_PATH} PYTHONPATH=/home/lee/workspace/ros2_ex_mav/install/px4_msgs/local/lib/python3.10/dist-packages:${PYTHONPATH} /usr/bin/cmake --install /home/lee/workspace/ros2_ex_mav/build/mav
[12.292s] -- Install configuration: ""
[12.292s] -- Installing: /home/lee/workspace/ros2_ex_mav/install/mav/lib/mav/mav1
[12.296s] -- Set runtime path of "/home/lee/workspace/ros2_ex_mav/install/mav/lib/mav/mav1" to ""
[12.296s] -- Installing: /home/lee/workspace/ros2_ex_mav/install/mav/lib/mav/mav2
[12.299s] -- Set runtime path of "/home/lee/workspace/ros2_ex_mav/install/mav/lib/mav/mav2" to ""
[12.299s] -- Installing: /home/lee/workspace/ros2_ex_mav/install/mav/lib/mav/mav3
[12.301s] -- Set runtime path of "/home/lee/workspace/ros2_ex_mav/install/mav/lib/mav/mav3" to ""
[12.301s] -- Installing: /home/lee/workspace/ros2_ex_mav/install/mav/lib/mav/mav4
[12.304s] -- Set runtime path of "/home/lee/workspace/ros2_ex_mav/install/mav/lib/mav/mav4" to ""
[12.304s] -- Installing: /home/lee/workspace/ros2_ex_mav/install/mav/lib/mav/mav1_syn
[12.307s] -- Set runtime path of "/home/lee/workspace/ros2_ex_mav/install/mav/lib/mav/mav1_syn" to ""
[12.307s] -- Installing: /home/lee/workspace/ros2_ex_mav/install/mav/lib/mav/mav2_syn
[12.310s] -- Set runtime path of "/home/lee/workspace/ros2_ex_mav/install/mav/lib/mav/mav2_syn" to ""
[12.310s] -- Installing: /home/lee/workspace/ros2_ex_mav/install/mav/lib/mav/mav3_syn
[12.312s] -- Set runtime path of "/home/lee/workspace/ros2_ex_mav/install/mav/lib/mav/mav3_syn" to ""
[12.312s] -- Installing: /home/lee/workspace/ros2_ex_mav/install/mav/lib/mav/mav4_syn
[12.315s] -- Set runtime path of "/home/lee/workspace/ros2_ex_mav/install/mav/lib/mav/mav4_syn" to ""
[12.315s] -- Installing: /home/lee/workspace/ros2_ex_mav/install/mav/share/mav/launch
[12.315s] -- Installing: /home/lee/workspace/ros2_ex_mav/install/mav/share/mav/launch/mav_launch.xml
[12.315s] -- Installing: /home/lee/workspace/ros2_ex_mav/install/mav/share/mav/launch/mav_syn_launch
[12.316s] -- Installing: /home/lee/workspace/ros2_ex_mav/install/mav/share/ament_index/resource_index/package_run_dependencies/mav
[12.316s] -- Installing: /home/lee/workspace/ros2_ex_mav/install/mav/share/ament_index/resource_index/parent_prefix_path/mav
[12.316s] -- Installing: /home/lee/workspace/ros2_ex_mav/install/mav/share/mav/environment/ament_prefix_path.sh
[12.316s] -- Installing: /home/lee/workspace/ros2_ex_mav/install/mav/share/mav/environment/ament_prefix_path.dsv
[12.316s] -- Installing: /home/lee/workspace/ros2_ex_mav/install/mav/share/mav/environment/path.sh
[12.316s] -- Installing: /home/lee/workspace/ros2_ex_mav/install/mav/share/mav/environment/path.dsv
[12.316s] -- Installing: /home/lee/workspace/ros2_ex_mav/install/mav/share/mav/local_setup.bash
[12.316s] -- Installing: /home/lee/workspace/ros2_ex_mav/install/mav/share/mav/local_setup.sh
[12.316s] -- Installing: /home/lee/workspace/ros2_ex_mav/install/mav/share/mav/local_setup.zsh
[12.316s] -- Installing: /home/lee/workspace/ros2_ex_mav/install/mav/share/mav/local_setup.dsv
[12.316s] -- Installing: /home/lee/workspace/ros2_ex_mav/install/mav/share/mav/package.dsv
[12.316s] -- Installing: /home/lee/workspace/ros2_ex_mav/install/mav/share/ament_index/resource_index/packages/mav
[12.316s] -- Installing: /home/lee/workspace/ros2_ex_mav/install/mav/share/mav/cmake/mavConfig.cmake
[12.316s] -- Installing: /home/lee/workspace/ros2_ex_mav/install/mav/share/mav/cmake/mavConfig-version.cmake
[12.316s] -- Installing: /home/lee/workspace/ros2_ex_mav/install/mav/share/mav/package.xml
[12.317s] Invoked command in '/home/lee/workspace/ros2_ex_mav/build/mav' returned '0': AMENT_PREFIX_PATH=/home/lee/workspace/ros2_ex_mav/install/px4_msgs:${AMENT_PREFIX_PATH} CMAKE_PREFIX_PATH=/home/lee/workspace/ros2_ex_mav/install/px4_msgs:/home/lee/workspace/ros2_ex/install/mav:/home/lee/workspace/ros2_ex/install/ground:/home/lee/workspace/ros2_ex/install/MAV4:/home/lee/workspace/ros2_ex/install/MAV3:/home/lee/workspace/ros2_ex/install/MAV2:/home/lee/workspace/ros2_ex/install/MAV1:/home/lee/workspace/ros2_ex/install/MAV:/home/lee/workspace/ros2_ex/install/px4_msgs:/opt/ros/humble LD_LIBRARY_PATH=/home/lee/workspace/ros2_ex_mav/install/px4_msgs/lib:${LD_LIBRARY_PATH} PYTHONPATH=/home/lee/workspace/ros2_ex_mav/install/px4_msgs/local/lib/python3.10/dist-packages:${PYTHONPATH} /usr/bin/cmake --install /home/lee/workspace/ros2_ex_mav/build/mav
