[0.006s] Invoking command in '/home/lee/workspace/ros2_ex_mav/build/mav': AMENT_PREFIX_PATH=/home/lee/workspace/ros2_ex_mav/install/px4_msgs:${AMENT_PREFIX_PATH} CMAKE_PREFIX_PATH=/home/lee/workspace/ros2_ex_mav/install/px4_msgs:/home/lee/workspace/ros2_ex/install/mav:/home/lee/workspace/ros2_ex/install/ground:/home/lee/workspace/ros2_ex/install/MAV4:/home/lee/workspace/ros2_ex/install/MAV3:/home/lee/workspace/ros2_ex/install/MAV2:/home/lee/workspace/ros2_ex/install/MAV1:/home/lee/workspace/ros2_ex/install/MAV:/home/lee/workspace/ros2_ex/install/px4_msgs:/home/lee/workspace/vrpn/vrpn_optitrack/install/vrpn_mocap:/opt/ros/humble LD_LIBRARY_PATH=/home/lee/workspace/ros2_ex_mav/install/px4_msgs/lib:${LD_LIBRARY_PATH} PYTHONPATH=/home/lee/workspace/ros2_ex_mav/install/px4_msgs/local/lib/python3.10/dist-packages:${PYTHONPATH} /usr/bin/cmake /home/lee/workspace/ros2_ex_mav/src/MAV -DCMAKE_INSTALL_PREFIX=/home/lee/workspace/ros2_ex_mav/install/mav
[0.037s] -- The C compiler identification is GNU 11.4.0
[0.065s] -- The CXX compiler identification is GNU 11.4.0
[0.069s] -- Detecting C compiler ABI info
[0.108s] -- Detecting C compiler ABI info - done
[0.111s] -- Check for working C compiler: /usr/bin/cc - skipped
[0.111s] -- Detecting C compile features
[0.111s] -- Detecting C compile features - done
[0.112s] -- Detecting CXX compiler ABI info
[0.153s] -- Detecting CXX compiler ABI info - done
[0.157s] -- Check for working CXX compiler: /usr/bin/c++ - skipped
[0.157s] -- Detecting CXX compile features
[0.157s] -- Detecting CXX compile features - done
[0.158s] -- Found ament_cmake: 1.3.12 (/opt/ros/humble/share/ament_cmake/cmake)
[0.336s] -- Found Python3: /usr/bin/python3 (found version "3.10.12") found components: Interpreter 
[0.380s] -- Found rclcpp: 16.0.15 (/opt/ros/humble/share/rclcpp/cmake)
[0.410s] -- Found rosidl_generator_c: 3.1.7 (/opt/ros/humble/share/rosidl_generator_c/cmake)
[0.412s] -- Found rosidl_adapter: 3.1.7 (/opt/ros/humble/share/rosidl_adapter/cmake)
[0.416s] -- Found rosidl_generator_cpp: 3.1.7 (/opt/ros/humble/share/rosidl_generator_cpp/cmake)
[0.422s] -- Using all available rosidl_typesupport_c: rosidl_typesupport_fastrtps_c;rosidl_typesupport_introspection_c
[0.430s] -- Using all available rosidl_typesupport_cpp: rosidl_typesupport_fastrtps_cpp;rosidl_typesupport_introspection_cpp
[0.451s] -- Found rmw_implementation_cmake: 6.1.2 (/opt/ros/humble/share/rmw_implementation_cmake/cmake)
[0.453s] -- Found rmw_fastrtps_cpp: 6.2.8 (/opt/ros/humble/share/rmw_fastrtps_cpp/cmake)
[0.501s] -- Found OpenSSL: /usr/lib/x86_64-linux-gnu/libcrypto.so (found version "3.0.2")  
[0.516s] -- Found FastRTPS: /opt/ros/humble/include  
[0.543s] -- Using RMW implementation 'rmw_fastrtps_cpp' as default
[0.547s] -- Looking for pthread.h
[0.590s] -- Looking for pthread.h - found
[0.590s] -- Performing Test CMAKE_HAVE_LIBC_PTHREAD
[0.630s] -- Performing Test CMAKE_HAVE_LIBC_PTHREAD - Success
[0.630s] -- Found Threads: TRUE  
[0.655s] -- Found message_filters: 4.3.8 (/opt/ros/humble/share/message_filters/cmake)
[0.656s] -- Found geometry_msgs: 4.9.0 (/opt/ros/humble/share/geometry_msgs/cmake)
[0.663s] -- Found nav_msgs: 4.9.0 (/opt/ros/humble/share/nav_msgs/cmake)
[0.671s] -- Found tf2: 0.25.16 (/opt/ros/humble/share/tf2/cmake)
[0.677s] -- Found tf2_ros: 0.25.16 (/opt/ros/humble/share/tf2_ros/cmake)
[0.718s] -- Found px4_msgs: 2.0.1 (/home/lee/workspace/ros2_ex_mav/install/px4_msgs/share/px4_msgs/cmake)
[0.731s] -- Found ament_lint_auto: 0.12.14 (/opt/ros/humble/share/ament_lint_auto/cmake)
[0.769s] -- Added test 'cppcheck' to perform static code analysis on C / C++ code
[0.769s] -- Configured cppcheck include dirs: /home/lee/workspace/ros2_ex_mav/src/MAV/include
[0.770s] -- Configured cppcheck exclude dirs and/or files: 
[0.770s] -- Added test 'lint_cmake' to check CMake code style
[0.771s] -- Added test 'uncrustify' to check C / C++ code style
[0.771s] -- Configured uncrustify additional arguments: 
[0.771s] -- Added test 'xmllint' to check XML markup files
[0.771s] -- Configuring done
[0.785s] -- Generating done
[0.791s] -- Build files have been written to: /home/lee/workspace/ros2_ex_mav/build/mav
[0.796s] Invoked command in '/home/lee/workspace/ros2_ex_mav/build/mav' returned '0': AMENT_PREFIX_PATH=/home/lee/workspace/ros2_ex_mav/install/px4_msgs:${AMENT_PREFIX_PATH} CMAKE_PREFIX_PATH=/home/lee/workspace/ros2_ex_mav/install/px4_msgs:/home/lee/workspace/ros2_ex/install/mav:/home/lee/workspace/ros2_ex/install/ground:/home/lee/workspace/ros2_ex/install/MAV4:/home/lee/workspace/ros2_ex/install/MAV3:/home/lee/workspace/ros2_ex/install/MAV2:/home/lee/workspace/ros2_ex/install/MAV1:/home/lee/workspace/ros2_ex/install/MAV:/home/lee/workspace/ros2_ex/install/px4_msgs:/home/lee/workspace/vrpn/vrpn_optitrack/install/vrpn_mocap:/opt/ros/humble LD_LIBRARY_PATH=/home/lee/workspace/ros2_ex_mav/install/px4_msgs/lib:${LD_LIBRARY_PATH} PYTHONPATH=/home/lee/workspace/ros2_ex_mav/install/px4_msgs/local/lib/python3.10/dist-packages:${PYTHONPATH} /usr/bin/cmake /home/lee/workspace/ros2_ex_mav/src/MAV -DCMAKE_INSTALL_PREFIX=/home/lee/workspace/ros2_ex_mav/install/mav
[0.797s] Invoking command in '/home/lee/workspace/ros2_ex_mav/build/mav': AMENT_PREFIX_PATH=/home/lee/workspace/ros2_ex_mav/install/px4_msgs:${AMENT_PREFIX_PATH} CMAKE_PREFIX_PATH=/home/lee/workspace/ros2_ex_mav/install/px4_msgs:/home/lee/workspace/ros2_ex/install/mav:/home/lee/workspace/ros2_ex/install/ground:/home/lee/workspace/ros2_ex/install/MAV4:/home/lee/workspace/ros2_ex/install/MAV3:/home/lee/workspace/ros2_ex/install/MAV2:/home/lee/workspace/ros2_ex/install/MAV1:/home/lee/workspace/ros2_ex/install/MAV:/home/lee/workspace/ros2_ex/install/px4_msgs:/home/lee/workspace/vrpn/vrpn_optitrack/install/vrpn_mocap:/opt/ros/humble LD_LIBRARY_PATH=/home/lee/workspace/ros2_ex_mav/install/px4_msgs/lib:${LD_LIBRARY_PATH} PYTHONPATH=/home/lee/workspace/ros2_ex_mav/install/px4_msgs/local/lib/python3.10/dist-packages:${PYTHONPATH} /usr/bin/cmake --build /home/lee/workspace/ros2_ex_mav/build/mav -- -j32 -l32
[0.828s] [  6%] [32mBuilding CXX object CMakeFiles/mav4.dir/node/mav4.cpp.o[0m
[0.828s] [ 18%] [32mBuilding CXX object CMakeFiles/mav1_syn.dir/node/mav1_syn.cpp.o[0m
[0.828s] [ 18%] [32mBuilding CXX object CMakeFiles/mav2.dir/node/mav2.cpp.o[0m
[0.829s] [ 25%] [32mBuilding CXX object CMakeFiles/mav3_syn.dir/node/mav3_syn.cpp.o[0m
[0.830s] [ 31%] [32mBuilding CXX object CMakeFiles/mav3.dir/node/mav3.cpp.o[0m
[0.830s] [ 37%] [32mBuilding CXX object CMakeFiles/mav1.dir/node/mav1.cpp.o[0m
[0.830s] [ 43%] [32mBuilding CXX object CMakeFiles/mav2_syn.dir/node/mav2_syn.cpp.o[0m
[0.830s] [ 50%] [32mBuilding CXX object CMakeFiles/mav4_syn.dir/node/mav4_syn.cpp.o[0m
[8.633s] [ 56%] [32m[1mLinking CXX executable mav2[0m
[8.960s] [ 62%] [32m[1mLinking CXX executable mav1[0m
[9.033s] [ 62%] Built target mav2
[9.083s] [ 68%] [32m[1mLinking CXX executable mav4[0m
[9.171s] [ 75%] [32m[1mLinking CXX executable mav3[0m
[9.289s] [ 81%] [32m[1mLinking CXX executable mav1_syn[0m
[9.376s] [ 87%] [32m[1mLinking CXX executable mav3_syn[0m
[9.404s] [ 93%] [32m[1mLinking CXX executable mav2_syn[0m
[9.411s] [100%] [32m[1mLinking CXX executable mav4_syn[0m
[9.419s] [100%] Built target mav1
[9.561s] [100%] Built target mav4
[9.620s] [100%] Built target mav3
[9.743s] [100%] Built target mav1_syn
[9.809s] [100%] Built target mav3_syn
[9.833s] [100%] Built target mav2_syn
[9.835s] [100%] Built target mav4_syn
[9.841s] Invoked command in '/home/lee/workspace/ros2_ex_mav/build/mav' returned '0': AMENT_PREFIX_PATH=/home/lee/workspace/ros2_ex_mav/install/px4_msgs:${AMENT_PREFIX_PATH} CMAKE_PREFIX_PATH=/home/lee/workspace/ros2_ex_mav/install/px4_msgs:/home/lee/workspace/ros2_ex/install/mav:/home/lee/workspace/ros2_ex/install/ground:/home/lee/workspace/ros2_ex/install/MAV4:/home/lee/workspace/ros2_ex/install/MAV3:/home/lee/workspace/ros2_ex/install/MAV2:/home/lee/workspace/ros2_ex/install/MAV1:/home/lee/workspace/ros2_ex/install/MAV:/home/lee/workspace/ros2_ex/install/px4_msgs:/home/lee/workspace/vrpn/vrpn_optitrack/install/vrpn_mocap:/opt/ros/humble LD_LIBRARY_PATH=/home/lee/workspace/ros2_ex_mav/install/px4_msgs/lib:${LD_LIBRARY_PATH} PYTHONPATH=/home/lee/workspace/ros2_ex_mav/install/px4_msgs/local/lib/python3.10/dist-packages:${PYTHONPATH} /usr/bin/cmake --build /home/lee/workspace/ros2_ex_mav/build/mav -- -j32 -l32
[9.842s] Invoking command in '/home/lee/workspace/ros2_ex_mav/build/mav': AMENT_PREFIX_PATH=/home/lee/workspace/ros2_ex_mav/install/px4_msgs:${AMENT_PREFIX_PATH} CMAKE_PREFIX_PATH=/home/lee/workspace/ros2_ex_mav/install/px4_msgs:/home/lee/workspace/ros2_ex/install/mav:/home/lee/workspace/ros2_ex/install/ground:/home/lee/workspace/ros2_ex/install/MAV4:/home/lee/workspace/ros2_ex/install/MAV3:/home/lee/workspace/ros2_ex/install/MAV2:/home/lee/workspace/ros2_ex/install/MAV1:/home/lee/workspace/ros2_ex/install/MAV:/home/lee/workspace/ros2_ex/install/px4_msgs:/home/lee/workspace/vrpn/vrpn_optitrack/install/vrpn_mocap:/opt/ros/humble LD_LIBRARY_PATH=/home/lee/workspace/ros2_ex_mav/install/px4_msgs/lib:${LD_LIBRARY_PATH} PYTHONPATH=/home/lee/workspace/ros2_ex_mav/install/px4_msgs/local/lib/python3.10/dist-packages:${PYTHONPATH} /usr/bin/cmake --install /home/lee/workspace/ros2_ex_mav/build/mav
[9.845s] -- Install configuration: ""
[9.845s] -- Installing: /home/lee/workspace/ros2_ex_mav/install/mav/lib/mav/mav1
[9.848s] -- Set runtime path of "/home/lee/workspace/ros2_ex_mav/install/mav/lib/mav/mav1" to ""
[9.848s] -- Installing: /home/lee/workspace/ros2_ex_mav/install/mav/lib/mav/mav2
[9.851s] -- Set runtime path of "/home/lee/workspace/ros2_ex_mav/install/mav/lib/mav/mav2" to ""
[9.851s] -- Installing: /home/lee/workspace/ros2_ex_mav/install/mav/lib/mav/mav3
[9.854s] -- Set runtime path of "/home/lee/workspace/ros2_ex_mav/install/mav/lib/mav/mav3" to ""
[9.854s] -- Installing: /home/lee/workspace/ros2_ex_mav/install/mav/lib/mav/mav4
[9.857s] -- Set runtime path of "/home/lee/workspace/ros2_ex_mav/install/mav/lib/mav/mav4" to ""
[9.857s] -- Installing: /home/lee/workspace/ros2_ex_mav/install/mav/lib/mav/mav1_syn
[9.860s] -- Set runtime path of "/home/lee/workspace/ros2_ex_mav/install/mav/lib/mav/mav1_syn" to ""
[9.860s] -- Installing: /home/lee/workspace/ros2_ex_mav/install/mav/lib/mav/mav2_syn
[9.863s] -- Set runtime path of "/home/lee/workspace/ros2_ex_mav/install/mav/lib/mav/mav2_syn" to ""
[9.863s] -- Installing: /home/lee/workspace/ros2_ex_mav/install/mav/lib/mav/mav3_syn
[9.866s] -- Set runtime path of "/home/lee/workspace/ros2_ex_mav/install/mav/lib/mav/mav3_syn" to ""
[9.866s] -- Installing: /home/lee/workspace/ros2_ex_mav/install/mav/lib/mav/mav4_syn
[9.869s] -- Set runtime path of "/home/lee/workspace/ros2_ex_mav/install/mav/lib/mav/mav4_syn" to ""
[9.869s] -- Installing: /home/lee/workspace/ros2_ex_mav/install/mav/share/mav/launch
[9.869s] -- Installing: /home/lee/workspace/ros2_ex_mav/install/mav/share/mav/launch/mav_launch.xml
[9.869s] -- Installing: /home/lee/workspace/ros2_ex_mav/install/mav/share/mav/launch/mav_syn_launch
[9.869s] -- Installing: /home/lee/workspace/ros2_ex_mav/install/mav/share/ament_index/resource_index/package_run_dependencies/mav
[9.870s] -- Installing: /home/lee/workspace/ros2_ex_mav/install/mav/share/ament_index/resource_index/parent_prefix_path/mav
[9.870s] -- Installing: /home/lee/workspace/ros2_ex_mav/install/mav/share/mav/environment/ament_prefix_path.sh
[9.870s] -- Installing: /home/lee/workspace/ros2_ex_mav/install/mav/share/mav/environment/ament_prefix_path.dsv
[9.870s] -- Installing: /home/lee/workspace/ros2_ex_mav/install/mav/share/mav/environment/path.sh
[9.870s] -- Installing: /home/lee/workspace/ros2_ex_mav/install/mav/share/mav/environment/path.dsv
[9.870s] -- Installing: /home/lee/workspace/ros2_ex_mav/install/mav/share/mav/local_setup.bash
[9.870s] -- Installing: /home/lee/workspace/ros2_ex_mav/install/mav/share/mav/local_setup.sh
[9.870s] -- Installing: /home/lee/workspace/ros2_ex_mav/install/mav/share/mav/local_setup.zsh
[9.870s] -- Installing: /home/lee/workspace/ros2_ex_mav/install/mav/share/mav/local_setup.dsv
[9.870s] -- Installing: /home/lee/workspace/ros2_ex_mav/install/mav/share/mav/package.dsv
[9.870s] -- Installing: /home/lee/workspace/ros2_ex_mav/install/mav/share/ament_index/resource_index/packages/mav
[9.870s] -- Installing: /home/lee/workspace/ros2_ex_mav/install/mav/share/mav/cmake/mavConfig.cmake
[9.870s] -- Installing: /home/lee/workspace/ros2_ex_mav/install/mav/share/mav/cmake/mavConfig-version.cmake
[9.870s] -- Installing: /home/lee/workspace/ros2_ex_mav/install/mav/share/mav/package.xml
[9.871s] Invoked command in '/home/lee/workspace/ros2_ex_mav/build/mav' returned '0': AMENT_PREFIX_PATH=/home/lee/workspace/ros2_ex_mav/install/px4_msgs:${AMENT_PREFIX_PATH} CMAKE_PREFIX_PATH=/home/lee/workspace/ros2_ex_mav/install/px4_msgs:/home/lee/workspace/ros2_ex/install/mav:/home/lee/workspace/ros2_ex/install/ground:/home/lee/workspace/ros2_ex/install/MAV4:/home/lee/workspace/ros2_ex/install/MAV3:/home/lee/workspace/ros2_ex/install/MAV2:/home/lee/workspace/ros2_ex/install/MAV1:/home/lee/workspace/ros2_ex/install/MAV:/home/lee/workspace/ros2_ex/install/px4_msgs:/home/lee/workspace/vrpn/vrpn_optitrack/install/vrpn_mocap:/opt/ros/humble LD_LIBRARY_PATH=/home/lee/workspace/ros2_ex_mav/install/px4_msgs/lib:${LD_LIBRARY_PATH} PYTHONPATH=/home/lee/workspace/ros2_ex_mav/install/px4_msgs/local/lib/python3.10/dist-packages:${PYTHONPATH} /usr/bin/cmake --install /home/lee/workspace/ros2_ex_mav/build/mav
