-- The C compiler identification is GNU 11.4.0
-- The CXX compiler identification is GNU 11.4.0
-- Detecting C compiler ABI info
-- Detecting C compiler ABI info - done
-- Check for working C compiler: /usr/bin/cc - skipped
-- Detecting C compile features
-- Detecting C compile features - done
-- Detecting CXX compiler ABI info
-- Detecting CXX compiler ABI info - done
-- Check for working CXX compiler: /usr/bin/c++ - skipped
-- Detecting CXX compile features
-- Detecting CXX compile features - done
-- Found ament_cmake: 1.3.12 (/opt/ros/humble/share/ament_cmake/cmake)
-- Found Python3: /usr/bin/python3 (found version "3.10.12") found components: Interpreter 
-- Found rclcpp: 16.0.15 (/opt/ros/humble/share/rclcpp/cmake)
-- Found rosidl_generator_c: 3.1.7 (/opt/ros/humble/share/rosidl_generator_c/cmake)
-- Found rosidl_adapter: 3.1.7 (/opt/ros/humble/share/rosidl_adapter/cmake)
-- Found rosidl_generator_cpp: 3.1.7 (/opt/ros/humble/share/rosidl_generator_cpp/cmake)
-- Using all available rosidl_typesupport_c: rosidl_typesupport_fastrtps_c;rosidl_typesupport_introspection_c
-- Using all available rosidl_typesupport_cpp: rosidl_typesupport_fastrtps_cpp;rosidl_typesupport_introspection_cpp
-- Found rmw_implementation_cmake: 6.1.2 (/opt/ros/humble/share/rmw_implementation_cmake/cmake)
-- Found rmw_fastrtps_cpp: 6.2.8 (/opt/ros/humble/share/rmw_fastrtps_cpp/cmake)
-- Found OpenSSL: /usr/lib/x86_64-linux-gnu/libcrypto.so (found version "3.0.2")  
-- Found FastRTPS: /opt/ros/humble/include  
-- Using RMW implementation 'rmw_fastrtps_cpp' as default
-- Looking for pthread.h
-- Looking for pthread.h - found
-- Performing Test CMAKE_HAVE_LIBC_PTHREAD
-- Performing Test CMAKE_HAVE_LIBC_PTHREAD - Success
-- Found Threads: TRUE  
-- Found message_filters: 4.3.8 (/opt/ros/humble/share/message_filters/cmake)
-- Found geometry_msgs: 4.9.0 (/opt/ros/humble/share/geometry_msgs/cmake)
-- Found nav_msgs: 4.9.0 (/opt/ros/humble/share/nav_msgs/cmake)
-- Found tf2: 0.25.16 (/opt/ros/humble/share/tf2/cmake)
-- Found tf2_ros: 0.25.16 (/opt/ros/humble/share/tf2_ros/cmake)
-- Found px4_msgs: 2.0.1 (/home/lee/workspace/ros2_ex_mav/install/px4_msgs/share/px4_msgs/cmake)
-- Found ament_lint_auto: 0.12.14 (/opt/ros/humble/share/ament_lint_auto/cmake)
-- Added test 'cppcheck' to perform static code analysis on C / C++ code
-- Configured cppcheck include dirs: /home/lee/workspace/ros2_ex_mav/src/MAV/include
-- Configured cppcheck exclude dirs and/or files: 
-- Added test 'lint_cmake' to check CMake code style
-- Added test 'uncrustify' to check C / C++ code style
-- Configured uncrustify additional arguments: 
-- Added test 'xmllint' to check XML markup files
-- Configuring done
-- Generating done
-- Build files have been written to: /home/lee/workspace/ros2_ex_mav/build/mav
[  6%] [32mBuilding CXX object CMakeFiles/mav2.dir/node/mav2.cpp.o[0m
[ 12%] [32mBuilding CXX object CMakeFiles/mav3_syn.dir/node/mav3_syn.cpp.o[0m
[ 18%] [32mBuilding CXX object CMakeFiles/mav1_syn.dir/node/mav1_syn.cpp.o[0m
[ 31%] [32mBuilding CXX object CMakeFiles/mav4_syn.dir/node/mav4_syn.cpp.o[0m
[ 31%] [32mBuilding CXX object CMakeFiles/mav2_syn.dir/node/mav2_syn.cpp.o[0m
[ 37%] [32mBuilding CXX object CMakeFiles/mav3.dir/node/mav3.cpp.o[0m
[ 43%] [32mBuilding CXX object CMakeFiles/mav4.dir/node/mav4.cpp.o[0m
[ 50%] [32mBuilding CXX object CMakeFiles/mav1.dir/node/mav1.cpp.o[0m
[ 56%] [32m[1mLinking CXX executable mav4[0m
[ 62%] [32m[1mLinking CXX executable mav1[0m
[ 68%] [32m[1mLinking CXX executable mav3_syn[0m
[ 75%] [32m[1mLinking CXX executable mav1_syn[0m
[ 81%] [32m[1mLinking CXX executable mav3[0m
[ 81%] Built target mav4
[ 81%] Built target mav1
[ 81%] Built target mav3_syn
[ 81%] Built target mav1_syn
[ 81%] Built target mav3
[ 87%] [32m[1mLinking CXX executable mav2[0m
[ 87%] Built target mav2
[ 93%] [32m[1mLinking CXX executable mav4_syn[0m
[100%] [32m[1mLinking CXX executable mav2_syn[0m
[100%] Built target mav4_syn
[100%] Built target mav2_syn
-- Install configuration: ""
-- Installing: /home/lee/workspace/ros2_ex_mav/install/mav/lib/mav/mav1
-- Set runtime path of "/home/lee/workspace/ros2_ex_mav/install/mav/lib/mav/mav1" to ""
-- Installing: /home/lee/workspace/ros2_ex_mav/install/mav/lib/mav/mav2
-- Set runtime path of "/home/lee/workspace/ros2_ex_mav/install/mav/lib/mav/mav2" to ""
-- Installing: /home/lee/workspace/ros2_ex_mav/install/mav/lib/mav/mav3
-- Set runtime path of "/home/lee/workspace/ros2_ex_mav/install/mav/lib/mav/mav3" to ""
-- Installing: /home/lee/workspace/ros2_ex_mav/install/mav/lib/mav/mav4
-- Set runtime path of "/home/lee/workspace/ros2_ex_mav/install/mav/lib/mav/mav4" to ""
-- Installing: /home/lee/workspace/ros2_ex_mav/install/mav/lib/mav/mav1_syn
-- Set runtime path of "/home/lee/workspace/ros2_ex_mav/install/mav/lib/mav/mav1_syn" to ""
-- Installing: /home/lee/workspace/ros2_ex_mav/install/mav/lib/mav/mav2_syn
-- Set runtime path of "/home/lee/workspace/ros2_ex_mav/install/mav/lib/mav/mav2_syn" to ""
-- Installing: /home/lee/workspace/ros2_ex_mav/install/mav/lib/mav/mav3_syn
-- Set runtime path of "/home/lee/workspace/ros2_ex_mav/install/mav/lib/mav/mav3_syn" to ""
-- Installing: /home/lee/workspace/ros2_ex_mav/install/mav/lib/mav/mav4_syn
-- Set runtime path of "/home/lee/workspace/ros2_ex_mav/install/mav/lib/mav/mav4_syn" to ""
-- Installing: /home/lee/workspace/ros2_ex_mav/install/mav/share/mav/launch
-- Installing: /home/lee/workspace/ros2_ex_mav/install/mav/share/mav/launch/mav_launch.xml
-- Installing: /home/lee/workspace/ros2_ex_mav/install/mav/share/mav/launch/mav_syn_launch
-- Installing: /home/lee/workspace/ros2_ex_mav/install/mav/share/ament_index/resource_index/package_run_dependencies/mav
-- Installing: /home/lee/workspace/ros2_ex_mav/install/mav/share/ament_index/resource_index/parent_prefix_path/mav
-- Installing: /home/lee/workspace/ros2_ex_mav/install/mav/share/mav/environment/ament_prefix_path.sh
-- Installing: /home/lee/workspace/ros2_ex_mav/install/mav/share/mav/environment/ament_prefix_path.dsv
-- Installing: /home/lee/workspace/ros2_ex_mav/install/mav/share/mav/environment/path.sh
-- Installing: /home/lee/workspace/ros2_ex_mav/install/mav/share/mav/environment/path.dsv
-- Installing: /home/lee/workspace/ros2_ex_mav/install/mav/share/mav/local_setup.bash
-- Installing: /home/lee/workspace/ros2_ex_mav/install/mav/share/mav/local_setup.sh
-- Installing: /home/lee/workspace/ros2_ex_mav/install/mav/share/mav/local_setup.zsh
-- Installing: /home/lee/workspace/ros2_ex_mav/install/mav/share/mav/local_setup.dsv
-- Installing: /home/lee/workspace/ros2_ex_mav/install/mav/share/mav/package.dsv
-- Installing: /home/lee/workspace/ros2_ex_mav/install/mav/share/ament_index/resource_index/packages/mav
-- Installing: /home/lee/workspace/ros2_ex_mav/install/mav/share/mav/cmake/mavConfig.cmake
-- Installing: /home/lee/workspace/ros2_ex_mav/install/mav/share/mav/cmake/mavConfig-version.cmake
-- Installing: /home/lee/workspace/ros2_ex_mav/install/mav/share/mav/package.xml
