[0.007s] Invoking command in '/home/lee/workspace/ros2_ex_mav/build/mav': CMAKE_PREFIX_PATH=/home/lee/workspace/ros2_ex_mav/install/px4_msgs:/home/lee/workspace/ros2_ex_mav/install/px4_multi_uav:/home/lee/workspace/ros2_ex_mav/install/mav:/home/lee/workspace/ros2_ex/install/mav:/home/lee/workspace/ros2_ex/install/ground:/home/lee/workspace/ros2_ex/install/MAV4:/home/lee/workspace/ros2_ex/install/MAV3:/home/lee/workspace/ros2_ex/install/MAV2:/home/lee/workspace/ros2_ex/install/MAV1:/home/lee/workspace/ros2_ex/install/MAV:/home/lee/workspace/ros2_ex/install/px4_msgs:/opt/ros/humble /usr/bin/cmake /home/lee/workspace/ros2_ex_mav/src/MAV -DCMAKE_INSTALL_PREFIX=/home/lee/workspace/ros2_ex_mav/install/mav
[0.038s] -- The C compiler identification is GNU 11.4.0
[0.065s] -- The CXX compiler identification is GNU 11.4.0
[0.068s] -- Detecting C compiler ABI info
[0.107s] -- Detecting C compiler ABI info - done
[0.111s] -- Check for working C compiler: /usr/bin/cc - skipped
[0.111s] -- Detecting C compile features
[0.111s] -- Detecting C compile features - done
[0.112s] -- Detecting CXX compiler ABI info
[0.156s] -- Detecting CXX compiler ABI info - done
[0.160s] -- Check for working CXX compiler: /usr/bin/c++ - skipped
[0.160s] -- Detecting CXX compile features
[0.160s] -- Detecting CXX compile features - done
[0.161s] -- Found ament_cmake: 1.3.12 (/opt/ros/humble/share/ament_cmake/cmake)
[0.332s] -- Found Python3: /usr/bin/python3 (found version "3.10.12") found components: Interpreter 
[0.376s] -- Found rclcpp: 16.0.15 (/opt/ros/humble/share/rclcpp/cmake)
[0.400s] -- Found rosidl_generator_c: 3.1.7 (/opt/ros/humble/share/rosidl_generator_c/cmake)
[0.402s] -- Found rosidl_adapter: 3.1.7 (/opt/ros/humble/share/rosidl_adapter/cmake)
[0.406s] -- Found rosidl_generator_cpp: 3.1.7 (/opt/ros/humble/share/rosidl_generator_cpp/cmake)
[0.411s] -- Using all available rosidl_typesupport_c: rosidl_typesupport_fastrtps_c;rosidl_typesupport_introspection_c
[0.418s] -- Using all available rosidl_typesupport_cpp: rosidl_typesupport_fastrtps_cpp;rosidl_typesupport_introspection_cpp
[0.438s] -- Found rmw_implementation_cmake: 6.1.2 (/opt/ros/humble/share/rmw_implementation_cmake/cmake)
[0.440s] -- Found rmw_fastrtps_cpp: 6.2.8 (/opt/ros/humble/share/rmw_fastrtps_cpp/cmake)
[0.489s] -- Found OpenSSL: /usr/lib/x86_64-linux-gnu/libcrypto.so (found version "3.0.2")  
[0.509s] -- Found FastRTPS: /opt/ros/humble/include  
[0.532s] -- Using RMW implementation 'rmw_fastrtps_cpp' as default
[0.540s] -- Looking for pthread.h
[0.588s] -- Looking for pthread.h - found
[0.588s] -- Performing Test CMAKE_HAVE_LIBC_PTHREAD
[0.630s] -- Performing Test CMAKE_HAVE_LIBC_PTHREAD - Success
[0.630s] -- Found Threads: TRUE  
[0.653s] -- Found message_filters: 4.3.8 (/opt/ros/humble/share/message_filters/cmake)
[0.655s] -- Found geometry_msgs: 4.9.0 (/opt/ros/humble/share/geometry_msgs/cmake)
[0.661s] -- Found nav_msgs: 4.9.0 (/opt/ros/humble/share/nav_msgs/cmake)
[0.669s] -- Found tf2: 0.25.16 (/opt/ros/humble/share/tf2/cmake)
[0.674s] -- Found tf2_ros: 0.25.16 (/opt/ros/humble/share/tf2_ros/cmake)
[0.711s] -- Found px4_msgs: 2.0.1 (/home/lee/workspace/ros2_ex_mav/install/px4_msgs/share/px4_msgs/cmake)
[0.723s] -- Found ament_lint_auto: 0.12.14 (/opt/ros/humble/share/ament_lint_auto/cmake)
[0.761s] -- Added test 'cppcheck' to perform static code analysis on C / C++ code
[0.761s] -- Configured cppcheck include dirs: /home/lee/workspace/ros2_ex_mav/src/MAV/include
[0.761s] -- Configured cppcheck exclude dirs and/or files: 
[0.761s] -- Added test 'lint_cmake' to check CMake code style
[0.762s] -- Added test 'uncrustify' to check C / C++ code style
[0.762s] -- Configured uncrustify additional arguments: 
[0.762s] -- Added test 'xmllint' to check XML markup files
[0.763s] -- Configuring done
[0.775s] -- Generating done
[0.781s] -- Build files have been written to: /home/lee/workspace/ros2_ex_mav/build/mav
[0.787s] Invoked command in '/home/lee/workspace/ros2_ex_mav/build/mav' returned '0': CMAKE_PREFIX_PATH=/home/lee/workspace/ros2_ex_mav/install/px4_msgs:/home/lee/workspace/ros2_ex_mav/install/px4_multi_uav:/home/lee/workspace/ros2_ex_mav/install/mav:/home/lee/workspace/ros2_ex/install/mav:/home/lee/workspace/ros2_ex/install/ground:/home/lee/workspace/ros2_ex/install/MAV4:/home/lee/workspace/ros2_ex/install/MAV3:/home/lee/workspace/ros2_ex/install/MAV2:/home/lee/workspace/ros2_ex/install/MAV1:/home/lee/workspace/ros2_ex/install/MAV:/home/lee/workspace/ros2_ex/install/px4_msgs:/opt/ros/humble /usr/bin/cmake /home/lee/workspace/ros2_ex_mav/src/MAV -DCMAKE_INSTALL_PREFIX=/home/lee/workspace/ros2_ex_mav/install/mav
[0.787s] Invoking command in '/home/lee/workspace/ros2_ex_mav/build/mav': CMAKE_PREFIX_PATH=/home/lee/workspace/ros2_ex_mav/install/px4_msgs:/home/lee/workspace/ros2_ex_mav/install/px4_multi_uav:/home/lee/workspace/ros2_ex_mav/install/mav:/home/lee/workspace/ros2_ex/install/mav:/home/lee/workspace/ros2_ex/install/ground:/home/lee/workspace/ros2_ex/install/MAV4:/home/lee/workspace/ros2_ex/install/MAV3:/home/lee/workspace/ros2_ex/install/MAV2:/home/lee/workspace/ros2_ex/install/MAV1:/home/lee/workspace/ros2_ex/install/MAV:/home/lee/workspace/ros2_ex/install/px4_msgs:/opt/ros/humble /usr/bin/cmake --build /home/lee/workspace/ros2_ex_mav/build/mav -- -j32 -l32
[0.812s] [  6%] [32mBuilding CXX object CMakeFiles/mav2.dir/node/mav2.cpp.o[0m
[0.812s] [ 12%] [32mBuilding CXX object CMakeFiles/mav3_syn.dir/node/mav3_syn.cpp.o[0m
[0.813s] [ 18%] [32mBuilding CXX object CMakeFiles/mav1_syn.dir/node/mav1_syn.cpp.o[0m
[0.814s] [ 31%] [32mBuilding CXX object CMakeFiles/mav4_syn.dir/node/mav4_syn.cpp.o[0m
[0.814s] [ 31%] [32mBuilding CXX object CMakeFiles/mav2_syn.dir/node/mav2_syn.cpp.o[0m
[0.814s] [ 37%] [32mBuilding CXX object CMakeFiles/mav3.dir/node/mav3.cpp.o[0m
[0.815s] [ 43%] [32mBuilding CXX object CMakeFiles/mav4.dir/node/mav4.cpp.o[0m
[0.815s] [ 50%] [32mBuilding CXX object CMakeFiles/mav1.dir/node/mav1.cpp.o[0m
[9.245s] [ 56%] [32m[1mLinking CXX executable mav4[0m
[9.332s] [ 62%] [32m[1mLinking CXX executable mav1[0m
[9.455s] [ 68%] [32m[1mLinking CXX executable mav3_syn[0m
[9.632s] [ 75%] [32m[1mLinking CXX executable mav1_syn[0m
[9.667s] [ 81%] [32m[1mLinking CXX executable mav3[0m
[9.669s] [ 81%] Built target mav4
[9.742s] [ 81%] Built target mav1
[9.974s] [ 81%] Built target mav3_syn
[10.049s] [ 81%] Built target mav1_syn
[10.082s] [ 81%] Built target mav3
[11.641s] [ 87%] [32m[1mLinking CXX executable mav2[0m
[11.994s] [ 87%] Built target mav2
[12.135s] [ 93%] [32m[1mLinking CXX executable mav4_syn[0m
[12.174s] [100%] [32m[1mLinking CXX executable mav2_syn[0m
[12.497s] [100%] Built target mav4_syn
[12.531s] [100%] Built target mav2_syn
[12.537s] Invoked command in '/home/lee/workspace/ros2_ex_mav/build/mav' returned '0': CMAKE_PREFIX_PATH=/home/lee/workspace/ros2_ex_mav/install/px4_msgs:/home/lee/workspace/ros2_ex_mav/install/px4_multi_uav:/home/lee/workspace/ros2_ex_mav/install/mav:/home/lee/workspace/ros2_ex/install/mav:/home/lee/workspace/ros2_ex/install/ground:/home/lee/workspace/ros2_ex/install/MAV4:/home/lee/workspace/ros2_ex/install/MAV3:/home/lee/workspace/ros2_ex/install/MAV2:/home/lee/workspace/ros2_ex/install/MAV1:/home/lee/workspace/ros2_ex/install/MAV:/home/lee/workspace/ros2_ex/install/px4_msgs:/opt/ros/humble /usr/bin/cmake --build /home/lee/workspace/ros2_ex_mav/build/mav -- -j32 -l32
[12.537s] Invoking command in '/home/lee/workspace/ros2_ex_mav/build/mav': CMAKE_PREFIX_PATH=/home/lee/workspace/ros2_ex_mav/install/px4_msgs:/home/lee/workspace/ros2_ex_mav/install/px4_multi_uav:/home/lee/workspace/ros2_ex_mav/install/mav:/home/lee/workspace/ros2_ex/install/mav:/home/lee/workspace/ros2_ex/install/ground:/home/lee/workspace/ros2_ex/install/MAV4:/home/lee/workspace/ros2_ex/install/MAV3:/home/lee/workspace/ros2_ex/install/MAV2:/home/lee/workspace/ros2_ex/install/MAV1:/home/lee/workspace/ros2_ex/install/MAV:/home/lee/workspace/ros2_ex/install/px4_msgs:/opt/ros/humble /usr/bin/cmake --install /home/lee/workspace/ros2_ex_mav/build/mav
[12.541s] -- Install configuration: ""
[12.541s] -- Installing: /home/lee/workspace/ros2_ex_mav/install/mav/lib/mav/mav1
[12.544s] -- Set runtime path of "/home/lee/workspace/ros2_ex_mav/install/mav/lib/mav/mav1" to ""
[12.544s] -- Installing: /home/lee/workspace/ros2_ex_mav/install/mav/lib/mav/mav2
[12.546s] -- Set runtime path of "/home/lee/workspace/ros2_ex_mav/install/mav/lib/mav/mav2" to ""
[12.546s] -- Installing: /home/lee/workspace/ros2_ex_mav/install/mav/lib/mav/mav3
[12.549s] -- Set runtime path of "/home/lee/workspace/ros2_ex_mav/install/mav/lib/mav/mav3" to ""
[12.549s] -- Installing: /home/lee/workspace/ros2_ex_mav/install/mav/lib/mav/mav4
[12.552s] -- Set runtime path of "/home/lee/workspace/ros2_ex_mav/install/mav/lib/mav/mav4" to ""
[12.552s] -- Installing: /home/lee/workspace/ros2_ex_mav/install/mav/lib/mav/mav1_syn
[12.554s] -- Set runtime path of "/home/lee/workspace/ros2_ex_mav/install/mav/lib/mav/mav1_syn" to ""
[12.554s] -- Installing: /home/lee/workspace/ros2_ex_mav/install/mav/lib/mav/mav2_syn
[12.557s] -- Set runtime path of "/home/lee/workspace/ros2_ex_mav/install/mav/lib/mav/mav2_syn" to ""
[12.557s] -- Installing: /home/lee/workspace/ros2_ex_mav/install/mav/lib/mav/mav3_syn
[12.560s] -- Set runtime path of "/home/lee/workspace/ros2_ex_mav/install/mav/lib/mav/mav3_syn" to ""
[12.560s] -- Installing: /home/lee/workspace/ros2_ex_mav/install/mav/lib/mav/mav4_syn
[12.563s] -- Set runtime path of "/home/lee/workspace/ros2_ex_mav/install/mav/lib/mav/mav4_syn" to ""
[12.563s] -- Installing: /home/lee/workspace/ros2_ex_mav/install/mav/share/mav/launch
[12.563s] -- Installing: /home/lee/workspace/ros2_ex_mav/install/mav/share/mav/launch/mav_launch.xml
[12.563s] -- Installing: /home/lee/workspace/ros2_ex_mav/install/mav/share/mav/launch/mav_syn_launch
[12.563s] -- Installing: /home/lee/workspace/ros2_ex_mav/install/mav/share/ament_index/resource_index/package_run_dependencies/mav
[12.563s] -- Installing: /home/lee/workspace/ros2_ex_mav/install/mav/share/ament_index/resource_index/parent_prefix_path/mav
[12.563s] -- Installing: /home/lee/workspace/ros2_ex_mav/install/mav/share/mav/environment/ament_prefix_path.sh
[12.563s] -- Installing: /home/lee/workspace/ros2_ex_mav/install/mav/share/mav/environment/ament_prefix_path.dsv
[12.563s] -- Installing: /home/lee/workspace/ros2_ex_mav/install/mav/share/mav/environment/path.sh
[12.563s] -- Installing: /home/lee/workspace/ros2_ex_mav/install/mav/share/mav/environment/path.dsv
[12.563s] -- Installing: /home/lee/workspace/ros2_ex_mav/install/mav/share/mav/local_setup.bash
[12.564s] -- Installing: /home/lee/workspace/ros2_ex_mav/install/mav/share/mav/local_setup.sh
[12.564s] -- Installing: /home/lee/workspace/ros2_ex_mav/install/mav/share/mav/local_setup.zsh
[12.564s] -- Installing: /home/lee/workspace/ros2_ex_mav/install/mav/share/mav/local_setup.dsv
[12.564s] -- Installing: /home/lee/workspace/ros2_ex_mav/install/mav/share/mav/package.dsv
[12.564s] -- Installing: /home/lee/workspace/ros2_ex_mav/install/mav/share/ament_index/resource_index/packages/mav
[12.564s] -- Installing: /home/lee/workspace/ros2_ex_mav/install/mav/share/mav/cmake/mavConfig.cmake
[12.564s] -- Installing: /home/lee/workspace/ros2_ex_mav/install/mav/share/mav/cmake/mavConfig-version.cmake
[12.564s] -- Installing: /home/lee/workspace/ros2_ex_mav/install/mav/share/mav/package.xml
[12.565s] Invoked command in '/home/lee/workspace/ros2_ex_mav/build/mav' returned '0': CMAKE_PREFIX_PATH=/home/lee/workspace/ros2_ex_mav/install/px4_msgs:/home/lee/workspace/ros2_ex_mav/install/px4_multi_uav:/home/lee/workspace/ros2_ex_mav/install/mav:/home/lee/workspace/ros2_ex/install/mav:/home/lee/workspace/ros2_ex/install/ground:/home/lee/workspace/ros2_ex/install/MAV4:/home/lee/workspace/ros2_ex/install/MAV3:/home/lee/workspace/ros2_ex/install/MAV2:/home/lee/workspace/ros2_ex/install/MAV1:/home/lee/workspace/ros2_ex/install/MAV:/home/lee/workspace/ros2_ex/install/px4_msgs:/opt/ros/humble /usr/bin/cmake --install /home/lee/workspace/ros2_ex_mav/build/mav
