[0.001s] Invoking command in '/home/lee/workspace/ros2_ex_mav/build/mav': CMAKE_PREFIX_PATH=/home/lee/workspace/ros2_ex_mav/install/px4_msgs:/home/lee/workspace/ros2_ex_mav/install/mav:/home/lee/workspace/ros2_ex/install/mav:/home/lee/workspace/ros2_ex/install/ground:/home/lee/workspace/ros2_ex/install/MAV4:/home/lee/workspace/ros2_ex/install/MAV3:/home/lee/workspace/ros2_ex/install/MAV2:/home/lee/workspace/ros2_ex/install/MAV1:/home/lee/workspace/ros2_ex/install/MAV:/home/lee/workspace/ros2_ex/install/px4_msgs:/opt/ros/humble /usr/bin/cmake /home/lee/workspace/ros2_ex_mav/src/MAV -DCMAKE_BUILD_TYPE=RelWithDebInfo -DAMENT_CMAKE_SYMLINK_INSTALL=1 -DCMAKE_INSTALL_PREFIX=/home/lee/workspace/ros2_ex_mav/install/mav
[0.001s] -- The C compiler identification is GNU 11.4.0
[0.001s] -- The CXX compiler identification is GNU 11.4.0
[0.001s] -- Detecting C compiler ABI info
[0.018s] -- Detecting C compiler ABI info - done
[0.021s] -- Check for working C compiler: /usr/bin/cc - skipped
[0.021s] -- Detecting C compile features
[0.021s] -- Detecting C compile features - done
[0.023s] -- Detecting CXX compiler ABI info
[0.065s] -- Detecting CXX compiler ABI info - done
[0.069s] -- Check for working CXX compiler: /usr/bin/c++ - skipped
[0.069s] -- Detecting CXX compile features
[0.069s] -- Detecting CXX compile features - done
[0.070s] -- Found ament_cmake: 1.3.12 (/opt/ros/humble/share/ament_cmake/cmake)
[0.242s] -- Found Python3: /usr/bin/python3 (found version "3.10.12") found components: Interpreter 
[0.271s] -- Override CMake install command with custom implementation using symlinks instead of copying resources
[0.285s] -- Found rclcpp: 16.0.15 (/opt/ros/humble/share/rclcpp/cmake)
[0.305s] -- Found rosidl_generator_c: 3.1.7 (/opt/ros/humble/share/rosidl_generator_c/cmake)
[0.307s] -- Found rosidl_adapter: 3.1.7 (/opt/ros/humble/share/rosidl_adapter/cmake)
[0.311s] -- Found rosidl_generator_cpp: 3.1.7 (/opt/ros/humble/share/rosidl_generator_cpp/cmake)
[0.316s] -- Using all available rosidl_typesupport_c: rosidl_typesupport_fastrtps_c;rosidl_typesupport_introspection_c
[0.323s] -- Using all available rosidl_typesupport_cpp: rosidl_typesupport_fastrtps_cpp;rosidl_typesupport_introspection_cpp
[0.354s] -- Found rmw_implementation_cmake: 6.1.2 (/opt/ros/humble/share/rmw_implementation_cmake/cmake)
[0.356s] -- Found rmw_fastrtps_cpp: 6.2.8 (/opt/ros/humble/share/rmw_fastrtps_cpp/cmake)
[0.414s] -- Found OpenSSL: /usr/lib/x86_64-linux-gnu/libcrypto.so (found version "3.0.2")  
[0.432s] -- Found FastRTPS: /opt/ros/humble/include  
[0.454s] -- Using RMW implementation 'rmw_fastrtps_cpp' as default
[0.457s] -- Looking for pthread.h
[0.498s] -- Looking for pthread.h - found
[0.499s] -- Performing Test CMAKE_HAVE_LIBC_PTHREAD
[0.536s] -- Performing Test CMAKE_HAVE_LIBC_PTHREAD - Success
[0.536s] -- Found Threads: TRUE  
[0.571s] -- Found message_filters: 4.3.8 (/opt/ros/humble/share/message_filters/cmake)
[0.573s] -- Found geometry_msgs: 4.9.0 (/opt/ros/humble/share/geometry_msgs/cmake)
[0.580s] -- Found nav_msgs: 4.9.0 (/opt/ros/humble/share/nav_msgs/cmake)
[0.590s] -- Found tf2: 0.25.16 (/opt/ros/humble/share/tf2/cmake)
[0.595s] -- Found tf2_ros: 0.25.16 (/opt/ros/humble/share/tf2_ros/cmake)
[0.652s] -- Found px4_msgs: 2.0.1 (/home/lee/workspace/ros2_ex_mav/install/px4_msgs/share/px4_msgs/cmake)
[0.664s] -- Found ament_lint_auto: 0.12.14 (/opt/ros/humble/share/ament_lint_auto/cmake)
[0.704s] -- Added test 'cppcheck' to perform static code analysis on C / C++ code
[0.704s] -- Configured cppcheck include dirs: /home/lee/workspace/ros2_ex_mav/src/MAV/include
[0.704s] -- Configured cppcheck exclude dirs and/or files: 
[0.704s] -- Added test 'lint_cmake' to check CMake code style
[0.705s] -- Added test 'uncrustify' to check C / C++ code style
[0.705s] -- Configured uncrustify additional arguments: 
[0.705s] -- Added test 'xmllint' to check XML markup files
[0.705s] -- Configuring done
[0.718s] -- Generating done
[0.724s] -- Build files have been written to: /home/lee/workspace/ros2_ex_mav/build/mav
[0.729s] Invoked command in '/home/lee/workspace/ros2_ex_mav/build/mav' returned '0': CMAKE_PREFIX_PATH=/home/lee/workspace/ros2_ex_mav/install/px4_msgs:/home/lee/workspace/ros2_ex_mav/install/mav:/home/lee/workspace/ros2_ex/install/mav:/home/lee/workspace/ros2_ex/install/ground:/home/lee/workspace/ros2_ex/install/MAV4:/home/lee/workspace/ros2_ex/install/MAV3:/home/lee/workspace/ros2_ex/install/MAV2:/home/lee/workspace/ros2_ex/install/MAV1:/home/lee/workspace/ros2_ex/install/MAV:/home/lee/workspace/ros2_ex/install/px4_msgs:/opt/ros/humble /usr/bin/cmake /home/lee/workspace/ros2_ex_mav/src/MAV -DCMAKE_BUILD_TYPE=RelWithDebInfo -DAMENT_CMAKE_SYMLINK_INSTALL=1 -DCMAKE_INSTALL_PREFIX=/home/lee/workspace/ros2_ex_mav/install/mav
[0.730s] Invoking command in '/home/lee/workspace/ros2_ex_mav/build/mav': CMAKE_PREFIX_PATH=/home/lee/workspace/ros2_ex_mav/install/px4_msgs:/home/lee/workspace/ros2_ex_mav/install/mav:/home/lee/workspace/ros2_ex/install/mav:/home/lee/workspace/ros2_ex/install/ground:/home/lee/workspace/ros2_ex/install/MAV4:/home/lee/workspace/ros2_ex/install/MAV3:/home/lee/workspace/ros2_ex/install/MAV2:/home/lee/workspace/ros2_ex/install/MAV1:/home/lee/workspace/ros2_ex/install/MAV:/home/lee/workspace/ros2_ex/install/px4_msgs:/opt/ros/humble /usr/bin/cmake --build /home/lee/workspace/ros2_ex_mav/build/mav -- -j32 -l32
[0.755s] [  6%] [32mBuilding CXX object CMakeFiles/mav1.dir/node/mav1.cpp.o[0m
[0.755s] [ 12%] [32mBuilding CXX object CMakeFiles/mav3_syn.dir/node/mav3_syn.cpp.o[0m
[0.756s] [ 18%] [32mBuilding CXX object CMakeFiles/mav4.dir/node/mav4.cpp.o[0m
[0.756s] [ 25%] [32mBuilding CXX object CMakeFiles/mav1_syn.dir/node/mav1_syn.cpp.o[0m
[0.757s] [ 31%] [32mBuilding CXX object CMakeFiles/mav2.dir/node/mav2.cpp.o[0m
[0.757s] [ 37%] [32mBuilding CXX object CMakeFiles/mav3.dir/node/mav3.cpp.o[0m
[0.758s] [ 43%] [32mBuilding CXX object CMakeFiles/mav2_syn.dir/node/mav2_syn.cpp.o[0m
[0.758s] [ 50%] [32mBuilding CXX object CMakeFiles/mav4_syn.dir/node/mav4_syn.cpp.o[0m
[17.061s] [ 56%] [32m[1mLinking CXX executable mav4[0m
[17.323s] [ 56%] Built target mav4
[17.666s] [ 62%] [32m[1mLinking CXX executable mav3_syn[0m
[17.765s] [ 68%] [32m[1mLinking CXX executable mav1_syn[0m
[17.907s] [ 68%] Built target mav3_syn
[18.019s] [ 68%] Built target mav1_syn
[18.214s] [ 75%] [32m[1mLinking CXX executable mav4_syn[0m
[18.457s] [ 75%] Built target mav4_syn
[18.564s] [ 81%] [32m[1mLinking CXX executable mav2_syn[0m
[18.806s] [ 81%] Built target mav2_syn
[20.048s] [ 87%] [32m[1mLinking CXX executable mav2[0m
[20.298s] [ 87%] Built target mav2
[20.576s] [ 93%] [32m[1mLinking CXX executable mav3[0m
[20.801s] [ 93%] Built target mav3
[21.584s] [100%] [32m[1mLinking CXX executable mav1[0m
[21.811s] [100%] Built target mav1
[21.819s] Invoked command in '/home/lee/workspace/ros2_ex_mav/build/mav' returned '0': CMAKE_PREFIX_PATH=/home/lee/workspace/ros2_ex_mav/install/px4_msgs:/home/lee/workspace/ros2_ex_mav/install/mav:/home/lee/workspace/ros2_ex/install/mav:/home/lee/workspace/ros2_ex/install/ground:/home/lee/workspace/ros2_ex/install/MAV4:/home/lee/workspace/ros2_ex/install/MAV3:/home/lee/workspace/ros2_ex/install/MAV2:/home/lee/workspace/ros2_ex/install/MAV1:/home/lee/workspace/ros2_ex/install/MAV:/home/lee/workspace/ros2_ex/install/px4_msgs:/opt/ros/humble /usr/bin/cmake --build /home/lee/workspace/ros2_ex_mav/build/mav -- -j32 -l32
[21.819s] Invoking command in '/home/lee/workspace/ros2_ex_mav/build/mav': CMAKE_PREFIX_PATH=/home/lee/workspace/ros2_ex_mav/install/px4_msgs:/home/lee/workspace/ros2_ex_mav/install/mav:/home/lee/workspace/ros2_ex/install/mav:/home/lee/workspace/ros2_ex/install/ground:/home/lee/workspace/ros2_ex/install/MAV4:/home/lee/workspace/ros2_ex/install/MAV3:/home/lee/workspace/ros2_ex/install/MAV2:/home/lee/workspace/ros2_ex/install/MAV1:/home/lee/workspace/ros2_ex/install/MAV:/home/lee/workspace/ros2_ex/install/px4_msgs:/opt/ros/humble /usr/bin/cmake --install /home/lee/workspace/ros2_ex_mav/build/mav
[21.823s] -- Install configuration: "RelWithDebInfo"
[21.823s] -- Execute custom install script
[21.823s] -- Symlinking: /home/lee/workspace/ros2_ex_mav/install/mav/lib/mav/mav1
[21.829s] -- Symlinking: /home/lee/workspace/ros2_ex_mav/install/mav/lib/mav/mav2
[21.833s] -- Symlinking: /home/lee/workspace/ros2_ex_mav/install/mav/lib/mav/mav3
[21.837s] -- Symlinking: /home/lee/workspace/ros2_ex_mav/install/mav/lib/mav/mav4
[21.842s] -- Symlinking: /home/lee/workspace/ros2_ex_mav/install/mav/lib/mav/mav1_syn
[21.847s] -- Symlinking: /home/lee/workspace/ros2_ex_mav/install/mav/lib/mav/mav2_syn
[21.851s] -- Symlinking: /home/lee/workspace/ros2_ex_mav/install/mav/lib/mav/mav3_syn
[21.855s] -- Symlinking: /home/lee/workspace/ros2_ex_mav/install/mav/lib/mav/mav4_syn
[21.860s] -- Symlinking: /home/lee/workspace/ros2_ex_mav/install/mav/share/mav/launch/mav_launch.xml
[21.863s] -- Symlinking: /home/lee/workspace/ros2_ex_mav/install/mav/share/mav/launch/mav_syn_launch
[21.867s] -- Symlinking: /home/lee/workspace/ros2_ex_mav/install/mav/share/ament_index/resource_index/package_run_dependencies/mav
[21.872s] -- Symlinking: /home/lee/workspace/ros2_ex_mav/install/mav/share/ament_index/resource_index/parent_prefix_path/mav
[21.875s] -- Symlinking: /home/lee/workspace/ros2_ex_mav/install/mav/share/mav/environment/ament_prefix_path.sh
[21.880s] -- Symlinking: /home/lee/workspace/ros2_ex_mav/install/mav/share/mav/environment/ament_prefix_path.dsv
[21.885s] -- Symlinking: /home/lee/workspace/ros2_ex_mav/install/mav/share/mav/environment/path.sh
[21.890s] -- Symlinking: /home/lee/workspace/ros2_ex_mav/install/mav/share/mav/environment/path.dsv
[21.894s] -- Symlinking: /home/lee/workspace/ros2_ex_mav/install/mav/share/mav/local_setup.bash
[21.898s] -- Symlinking: /home/lee/workspace/ros2_ex_mav/install/mav/share/mav/local_setup.sh
[21.901s] -- Symlinking: /home/lee/workspace/ros2_ex_mav/install/mav/share/mav/local_setup.zsh
[21.905s] -- Symlinking: /home/lee/workspace/ros2_ex_mav/install/mav/share/mav/local_setup.dsv
[21.910s] -- Symlinking: /home/lee/workspace/ros2_ex_mav/install/mav/share/mav/package.dsv
[21.915s] -- Symlinking: /home/lee/workspace/ros2_ex_mav/install/mav/share/ament_index/resource_index/packages/mav
[21.918s] -- Symlinking: /home/lee/workspace/ros2_ex_mav/install/mav/share/mav/cmake/mavConfig.cmake
[21.923s] -- Symlinking: /home/lee/workspace/ros2_ex_mav/install/mav/share/mav/cmake/mavConfig-version.cmake
[21.927s] -- Symlinking: /home/lee/workspace/ros2_ex_mav/install/mav/share/mav/package.xml
[21.933s] Invoked command in '/home/lee/workspace/ros2_ex_mav/build/mav' returned '0': CMAKE_PREFIX_PATH=/home/lee/workspace/ros2_ex_mav/install/px4_msgs:/home/lee/workspace/ros2_ex_mav/install/mav:/home/lee/workspace/ros2_ex/install/mav:/home/lee/workspace/ros2_ex/install/ground:/home/lee/workspace/ros2_ex/install/MAV4:/home/lee/workspace/ros2_ex/install/MAV3:/home/lee/workspace/ros2_ex/install/MAV2:/home/lee/workspace/ros2_ex/install/MAV1:/home/lee/workspace/ros2_ex/install/MAV:/home/lee/workspace/ros2_ex/install/px4_msgs:/opt/ros/humble /usr/bin/cmake --install /home/lee/workspace/ros2_ex_mav/build/mav
