[0.001s] Invoking command in '/home/lee/workspace/ros2_ex_mav/build/px4_multi_uav': CMAKE_PREFIX_PATH=/home/lee/workspace/ros2_ex_mav/install/px4_msgs:/home/lee/workspace/ros2_ex_mav/install/px4_multi_uav:/home/lee/workspace/ros2_ex_mav/install/mav:/home/lee/workspace/ros2_ex/install/mav:/home/lee/workspace/ros2_ex/install/ground:/home/lee/workspace/ros2_ex/install/MAV4:/home/lee/workspace/ros2_ex/install/MAV3:/home/lee/workspace/ros2_ex/install/MAV2:/home/lee/workspace/ros2_ex/install/MAV1:/home/lee/workspace/ros2_ex/install/MAV:/home/lee/workspace/ros2_ex/install/px4_msgs:/opt/ros/humble /usr/bin/cmake --build /home/lee/workspace/ros2_ex_mav/build/px4_multi_uav -- -j32 -l32
[0.001s] [35m[1mConsolidate compiler generated dependencies of target formation[0m
[0.001s] [ 13%] Built target leader
[0.001s] [ 20%] [32mBuilding CXX object CMakeFiles/mav4.dir/node/mav4.cpp.o[0m
[0.001s] [ 26%] [32mBuilding CXX object CMakeFiles/keyboard_node.dir/node/keyboard_node.cpp.o[0m
[0.001s] [ 40%] Built target mav2
[0.001s] [ 53%] Built target mav1
[0.001s] [ 66%] Built target mav3
[0.002s] [ 80%] Built target formation
[1.019s] [01m[K/home/lee/workspace/ros2_ex_mav/src/px4_multi_uav/node/keyboard_node.cpp:[m[K In function ‘[01m[Kint main(int, char**)[m[K’:
[1.019s] [01m[K/home/lee/workspace/ros2_ex_mav/src/px4_multi_uav/node/keyboard_node.cpp:101:9:[m[K [01;35m[Kwarning: [m[Kvariable ‘[01m[Kc_prev[m[K’ set but not used [[01;35m[K]8;;https://gcc.gnu.org/onlinedocs/gcc/Warning-Options.html#index-Wunused-but-set-variable-Wunused-but-set-variable]8;;[m[K]
[1.019s]   101 |     int [01;35m[Kc_prev[m[K = EOF;
[1.019s]       |         [01;35m[K^~~~~~[m[K
[6.581s] [ 86%] [32m[1mLinking CXX executable keyboard_node[0m
[6.703s] [ 93%] Built target keyboard_node
[9.975s] [100%] [32m[1mLinking CXX executable mav4[0m
[10.143s] [100%] Built target mav4
[10.149s] Invoked command in '/home/lee/workspace/ros2_ex_mav/build/px4_multi_uav' returned '0': CMAKE_PREFIX_PATH=/home/lee/workspace/ros2_ex_mav/install/px4_msgs:/home/lee/workspace/ros2_ex_mav/install/px4_multi_uav:/home/lee/workspace/ros2_ex_mav/install/mav:/home/lee/workspace/ros2_ex/install/mav:/home/lee/workspace/ros2_ex/install/ground:/home/lee/workspace/ros2_ex/install/MAV4:/home/lee/workspace/ros2_ex/install/MAV3:/home/lee/workspace/ros2_ex/install/MAV2:/home/lee/workspace/ros2_ex/install/MAV1:/home/lee/workspace/ros2_ex/install/MAV:/home/lee/workspace/ros2_ex/install/px4_msgs:/opt/ros/humble /usr/bin/cmake --build /home/lee/workspace/ros2_ex_mav/build/px4_multi_uav -- -j32 -l32
[10.150s] Invoking command in '/home/lee/workspace/ros2_ex_mav/build/px4_multi_uav': CMAKE_PREFIX_PATH=/home/lee/workspace/ros2_ex_mav/install/px4_msgs:/home/lee/workspace/ros2_ex_mav/install/px4_multi_uav:/home/lee/workspace/ros2_ex_mav/install/mav:/home/lee/workspace/ros2_ex/install/mav:/home/lee/workspace/ros2_ex/install/ground:/home/lee/workspace/ros2_ex/install/MAV4:/home/lee/workspace/ros2_ex/install/MAV3:/home/lee/workspace/ros2_ex/install/MAV2:/home/lee/workspace/ros2_ex/install/MAV1:/home/lee/workspace/ros2_ex/install/MAV:/home/lee/workspace/ros2_ex/install/px4_msgs:/opt/ros/humble /usr/bin/cmake --install /home/lee/workspace/ros2_ex_mav/build/px4_multi_uav
[10.154s] -- Install configuration: "RelWithDebInfo"
[10.154s] -- Execute custom install script
[10.154s] -- Up-to-date symlink: /home/lee/workspace/ros2_ex_mav/install/px4_multi_uav/lib/px4_multi_uav/formation
[10.154s] -- Up-to-date symlink: /home/lee/workspace/ros2_ex_mav/install/px4_multi_uav/lib/px4_multi_uav/keyboard_node
[10.154s] -- Up-to-date symlink: /home/lee/workspace/ros2_ex_mav/install/px4_multi_uav/lib/px4_multi_uav/leader
[10.154s] -- Up-to-date symlink: /home/lee/workspace/ros2_ex_mav/install/px4_multi_uav/lib/px4_multi_uav/mav1
[10.154s] -- Up-to-date symlink: /home/lee/workspace/ros2_ex_mav/install/px4_multi_uav/lib/px4_multi_uav/mav2
[10.154s] -- Up-to-date symlink: /home/lee/workspace/ros2_ex_mav/install/px4_multi_uav/lib/px4_multi_uav/mav3
[10.154s] -- Up-to-date symlink: /home/lee/workspace/ros2_ex_mav/install/px4_multi_uav/lib/px4_multi_uav/mav4
[10.155s] -- Up-to-date symlink: /home/lee/workspace/ros2_ex_mav/install/px4_multi_uav/share/px4_multi_uav/launch/formation_launch.xml
[10.155s] -- Up-to-date symlink: /home/lee/workspace/ros2_ex_mav/install/px4_multi_uav/share/px4_multi_uav/launch/mav_launch.xml
[10.155s] -- Up-to-date symlink: /home/lee/workspace/ros2_ex_mav/install/px4_multi_uav/share/ament_index/resource_index/package_run_dependencies/px4_multi_uav
[10.155s] -- Up-to-date symlink: /home/lee/workspace/ros2_ex_mav/install/px4_multi_uav/share/ament_index/resource_index/parent_prefix_path/px4_multi_uav
[10.155s] -- Up-to-date symlink: /home/lee/workspace/ros2_ex_mav/install/px4_multi_uav/share/px4_multi_uav/environment/ament_prefix_path.sh
[10.155s] -- Up-to-date symlink: /home/lee/workspace/ros2_ex_mav/install/px4_multi_uav/share/px4_multi_uav/environment/ament_prefix_path.dsv
[10.155s] -- Up-to-date symlink: /home/lee/workspace/ros2_ex_mav/install/px4_multi_uav/share/px4_multi_uav/environment/path.sh
[10.155s] -- Up-to-date symlink: /home/lee/workspace/ros2_ex_mav/install/px4_multi_uav/share/px4_multi_uav/environment/path.dsv
[10.155s] -- Up-to-date symlink: /home/lee/workspace/ros2_ex_mav/install/px4_multi_uav/share/px4_multi_uav/local_setup.bash
[10.155s] -- Up-to-date symlink: /home/lee/workspace/ros2_ex_mav/install/px4_multi_uav/share/px4_multi_uav/local_setup.sh
[10.155s] -- Up-to-date symlink: /home/lee/workspace/ros2_ex_mav/install/px4_multi_uav/share/px4_multi_uav/local_setup.zsh
[10.155s] -- Up-to-date symlink: /home/lee/workspace/ros2_ex_mav/install/px4_multi_uav/share/px4_multi_uav/local_setup.dsv
[10.155s] -- Symlinking: /home/lee/workspace/ros2_ex_mav/install/px4_multi_uav/share/px4_multi_uav/package.dsv
[10.159s] -- Up-to-date symlink: /home/lee/workspace/ros2_ex_mav/install/px4_multi_uav/share/ament_index/resource_index/packages/px4_multi_uav
[10.159s] -- Up-to-date symlink: /home/lee/workspace/ros2_ex_mav/install/px4_multi_uav/share/px4_multi_uav/cmake/px4_multi_uavConfig.cmake
[10.159s] -- Up-to-date symlink: /home/lee/workspace/ros2_ex_mav/install/px4_multi_uav/share/px4_multi_uav/cmake/px4_multi_uavConfig-version.cmake
[10.159s] -- Up-to-date symlink: /home/lee/workspace/ros2_ex_mav/install/px4_multi_uav/share/px4_multi_uav/package.xml
[10.160s] Invoked command in '/home/lee/workspace/ros2_ex_mav/build/px4_multi_uav' returned '0': CMAKE_PREFIX_PATH=/home/lee/workspace/ros2_ex_mav/install/px4_msgs:/home/lee/workspace/ros2_ex_mav/install/px4_multi_uav:/home/lee/workspace/ros2_ex_mav/install/mav:/home/lee/workspace/ros2_ex/install/mav:/home/lee/workspace/ros2_ex/install/ground:/home/lee/workspace/ros2_ex/install/MAV4:/home/lee/workspace/ros2_ex/install/MAV3:/home/lee/workspace/ros2_ex/install/MAV2:/home/lee/workspace/ros2_ex/install/MAV1:/home/lee/workspace/ros2_ex/install/MAV:/home/lee/workspace/ros2_ex/install/px4_msgs:/opt/ros/humble /usr/bin/cmake --install /home/lee/workspace/ros2_ex_mav/build/px4_multi_uav
