[0.000s] Invoking command in '/home/lee/workspace/ros2_ex_mav/build/mav': CMAKE_PREFIX_PATH=/home/lee/workspace/ros2_ex_mav/install/px4_msgs:/home/lee/workspace/ros2_ex_mav/install/px4_multi_uav:/home/lee/workspace/ros2_ex_mav/install/mav:/home/lee/workspace/ros2_ex/install/mav:/home/lee/workspace/ros2_ex/install/ground:/home/lee/workspace/ros2_ex/install/MAV4:/home/lee/workspace/ros2_ex/install/MAV3:/home/lee/workspace/ros2_ex/install/MAV2:/home/lee/workspace/ros2_ex/install/MAV1:/home/lee/workspace/ros2_ex/install/MAV:/home/lee/workspace/ros2_ex/install/px4_msgs:/opt/ros/humble /usr/bin/cmake /home/lee/workspace/ros2_ex_mav/src/MAV -DCMAKE_BUILD_TYPE=RelWithDebInfo -DAMENT_CMAKE_SYMLINK_INSTALL=1 -DCMAKE_INSTALL_PREFIX=/home/lee/workspace/ros2_ex_mav/install/mav
[0.001s] -- The C compiler identification is GNU 11.4.0
[0.001s] -- The CXX compiler identification is GNU 11.4.0
[0.001s] -- Detecting C compiler ABI info
[0.025s] -- Detecting C compiler ABI info - done
[0.028s] -- Check for working C compiler: /usr/bin/cc - skipped
[0.028s] -- Detecting C compile features
[0.028s] -- Detecting C compile features - done
[0.030s] -- Detecting CXX compiler ABI info
[0.073s] -- Detecting CXX compiler ABI info - done
[0.076s] -- Check for working CXX compiler: /usr/bin/c++ - skipped
[0.077s] -- Detecting CXX compile features
[0.077s] -- Detecting CXX compile features - done
[0.078s] -- Found ament_cmake: 1.3.12 (/opt/ros/humble/share/ament_cmake/cmake)
[0.251s] -- Found Python3: /usr/bin/python3 (found version "3.10.12") found components: Interpreter 
[0.288s] -- Override CMake install command with custom implementation using symlinks instead of copying resources
[0.303s] -- Found rclcpp: 16.0.15 (/opt/ros/humble/share/rclcpp/cmake)
[0.325s] -- Found rosidl_generator_c: 3.1.7 (/opt/ros/humble/share/rosidl_generator_c/cmake)
[0.327s] -- Found rosidl_adapter: 3.1.7 (/opt/ros/humble/share/rosidl_adapter/cmake)
[0.331s] -- Found rosidl_generator_cpp: 3.1.7 (/opt/ros/humble/share/rosidl_generator_cpp/cmake)
[0.336s] -- Using all available rosidl_typesupport_c: rosidl_typesupport_fastrtps_c;rosidl_typesupport_introspection_c
[0.344s] -- Using all available rosidl_typesupport_cpp: rosidl_typesupport_fastrtps_cpp;rosidl_typesupport_introspection_cpp
[0.365s] -- Found rmw_implementation_cmake: 6.1.2 (/opt/ros/humble/share/rmw_implementation_cmake/cmake)
[0.367s] -- Found rmw_fastrtps_cpp: 6.2.8 (/opt/ros/humble/share/rmw_fastrtps_cpp/cmake)
[0.426s] -- Found OpenSSL: /usr/lib/x86_64-linux-gnu/libcrypto.so (found version "3.0.2")  
[0.444s] -- Found FastRTPS: /opt/ros/humble/include  
[0.469s] -- Using RMW implementation 'rmw_fastrtps_cpp' as default
[0.476s] -- Looking for pthread.h
[0.515s] -- Looking for pthread.h - found
[0.516s] -- Performing Test CMAKE_HAVE_LIBC_PTHREAD
[0.554s] -- Performing Test CMAKE_HAVE_LIBC_PTHREAD - Success
[0.555s] -- Found Threads: TRUE  
[0.590s] -- Found message_filters: 4.3.8 (/opt/ros/humble/share/message_filters/cmake)
[0.592s] -- Found geometry_msgs: 4.9.0 (/opt/ros/humble/share/geometry_msgs/cmake)
[0.601s] -- Found nav_msgs: 4.9.0 (/opt/ros/humble/share/nav_msgs/cmake)
[0.613s] -- Found tf2: 0.25.16 (/opt/ros/humble/share/tf2/cmake)
[0.620s] -- Found tf2_ros: 0.25.16 (/opt/ros/humble/share/tf2_ros/cmake)
[0.674s] -- Found px4_msgs: 2.0.1 (/home/lee/workspace/ros2_ex_mav/install/px4_msgs/share/px4_msgs/cmake)
[0.687s] -- Found ament_lint_auto: 0.12.14 (/opt/ros/humble/share/ament_lint_auto/cmake)
[0.727s] -- Added test 'cppcheck' to perform static code analysis on C / C++ code
[0.727s] -- Configured cppcheck include dirs: /home/lee/workspace/ros2_ex_mav/src/MAV/include
[0.727s] -- Configured cppcheck exclude dirs and/or files: 
[0.727s] -- Added test 'lint_cmake' to check CMake code style
[0.728s] -- Added test 'uncrustify' to check C / C++ code style
[0.728s] -- Configured uncrustify additional arguments: 
[0.728s] -- Added test 'xmllint' to check XML markup files
[0.729s] -- Configuring done
[0.742s] -- Generating done
[0.747s] -- Build files have been written to: /home/lee/workspace/ros2_ex_mav/build/mav
[0.754s] Invoked command in '/home/lee/workspace/ros2_ex_mav/build/mav' returned '0': CMAKE_PREFIX_PATH=/home/lee/workspace/ros2_ex_mav/install/px4_msgs:/home/lee/workspace/ros2_ex_mav/install/px4_multi_uav:/home/lee/workspace/ros2_ex_mav/install/mav:/home/lee/workspace/ros2_ex/install/mav:/home/lee/workspace/ros2_ex/install/ground:/home/lee/workspace/ros2_ex/install/MAV4:/home/lee/workspace/ros2_ex/install/MAV3:/home/lee/workspace/ros2_ex/install/MAV2:/home/lee/workspace/ros2_ex/install/MAV1:/home/lee/workspace/ros2_ex/install/MAV:/home/lee/workspace/ros2_ex/install/px4_msgs:/opt/ros/humble /usr/bin/cmake /home/lee/workspace/ros2_ex_mav/src/MAV -DCMAKE_BUILD_TYPE=RelWithDebInfo -DAMENT_CMAKE_SYMLINK_INSTALL=1 -DCMAKE_INSTALL_PREFIX=/home/lee/workspace/ros2_ex_mav/install/mav
[0.754s] Invoking command in '/home/lee/workspace/ros2_ex_mav/build/mav': CMAKE_PREFIX_PATH=/home/lee/workspace/ros2_ex_mav/install/px4_msgs:/home/lee/workspace/ros2_ex_mav/install/px4_multi_uav:/home/lee/workspace/ros2_ex_mav/install/mav:/home/lee/workspace/ros2_ex/install/mav:/home/lee/workspace/ros2_ex/install/ground:/home/lee/workspace/ros2_ex/install/MAV4:/home/lee/workspace/ros2_ex/install/MAV3:/home/lee/workspace/ros2_ex/install/MAV2:/home/lee/workspace/ros2_ex/install/MAV1:/home/lee/workspace/ros2_ex/install/MAV:/home/lee/workspace/ros2_ex/install/px4_msgs:/opt/ros/humble /usr/bin/cmake --build /home/lee/workspace/ros2_ex_mav/build/mav -- -j32 -l32
[0.779s] [ 12%] [32mBuilding CXX object CMakeFiles/mav2.dir/node/mav2.cpp.o[0m
[0.780s] [ 12%] [32mBuilding CXX object CMakeFiles/mav1.dir/node/mav1.cpp.o[0m
[0.781s] [ 18%] [32mBuilding CXX object CMakeFiles/mav1_syn.dir/node/mav1_syn.cpp.o[0m
[0.782s] [ 25%] [32mBuilding CXX object CMakeFiles/mav3_syn.dir/node/mav3_syn.cpp.o[0m
[0.783s] [ 31%] [32mBuilding CXX object CMakeFiles/mav4_syn.dir/node/mav4_syn.cpp.o[0m
[0.783s] [ 37%] [32mBuilding CXX object CMakeFiles/mav3.dir/node/mav3.cpp.o[0m
[0.784s] [ 43%] [32mBuilding CXX object CMakeFiles/mav4.dir/node/mav4.cpp.o[0m
[0.784s] [ 50%] [32mBuilding CXX object CMakeFiles/mav2_syn.dir/node/mav2_syn.cpp.o[0m
[17.326s] [ 56%] [32m[1mLinking CXX executable mav4[0m
[17.520s] [ 62%] [32m[1mLinking CXX executable mav3[0m
[17.591s] [ 62%] Built target mav4
[17.772s] [ 62%] Built target mav3
[17.897s] [ 68%] [32m[1mLinking CXX executable mav1_syn[0m
[17.900s] [ 75%] [32m[1mLinking CXX executable mav2[0m
[18.137s] [ 75%] Built target mav1_syn
[18.144s] [ 75%] Built target mav2
[18.374s] [ 81%] [32m[1mLinking CXX executable mav3_syn[0m
[18.602s] [ 81%] Built target mav3_syn
[19.139s] [ 87%] [32m[1mLinking CXX executable mav4_syn[0m
[19.380s] [ 87%] Built target mav4_syn
[20.668s] [ 93%] [32m[1mLinking CXX executable mav1[0m
[20.877s] [ 93%] Built target mav1
[21.970s] [100%] [32m[1mLinking CXX executable mav2_syn[0m
[22.182s] [100%] Built target mav2_syn
[22.189s] Invoked command in '/home/lee/workspace/ros2_ex_mav/build/mav' returned '0': CMAKE_PREFIX_PATH=/home/lee/workspace/ros2_ex_mav/install/px4_msgs:/home/lee/workspace/ros2_ex_mav/install/px4_multi_uav:/home/lee/workspace/ros2_ex_mav/install/mav:/home/lee/workspace/ros2_ex/install/mav:/home/lee/workspace/ros2_ex/install/ground:/home/lee/workspace/ros2_ex/install/MAV4:/home/lee/workspace/ros2_ex/install/MAV3:/home/lee/workspace/ros2_ex/install/MAV2:/home/lee/workspace/ros2_ex/install/MAV1:/home/lee/workspace/ros2_ex/install/MAV:/home/lee/workspace/ros2_ex/install/px4_msgs:/opt/ros/humble /usr/bin/cmake --build /home/lee/workspace/ros2_ex_mav/build/mav -- -j32 -l32
[22.190s] Invoking command in '/home/lee/workspace/ros2_ex_mav/build/mav': CMAKE_PREFIX_PATH=/home/lee/workspace/ros2_ex_mav/install/px4_msgs:/home/lee/workspace/ros2_ex_mav/install/px4_multi_uav:/home/lee/workspace/ros2_ex_mav/install/mav:/home/lee/workspace/ros2_ex/install/mav:/home/lee/workspace/ros2_ex/install/ground:/home/lee/workspace/ros2_ex/install/MAV4:/home/lee/workspace/ros2_ex/install/MAV3:/home/lee/workspace/ros2_ex/install/MAV2:/home/lee/workspace/ros2_ex/install/MAV1:/home/lee/workspace/ros2_ex/install/MAV:/home/lee/workspace/ros2_ex/install/px4_msgs:/opt/ros/humble /usr/bin/cmake --install /home/lee/workspace/ros2_ex_mav/build/mav
[22.195s] -- Install configuration: "RelWithDebInfo"
[22.196s] -- Execute custom install script
[22.196s] -- Symlinking: /home/lee/workspace/ros2_ex_mav/install/mav/lib/mav/mav1
[22.201s] -- Symlinking: /home/lee/workspace/ros2_ex_mav/install/mav/lib/mav/mav2
[22.206s] -- Symlinking: /home/lee/workspace/ros2_ex_mav/install/mav/lib/mav/mav3
[22.211s] -- Symlinking: /home/lee/workspace/ros2_ex_mav/install/mav/lib/mav/mav4
[22.215s] -- Symlinking: /home/lee/workspace/ros2_ex_mav/install/mav/lib/mav/mav1_syn
[22.220s] -- Symlinking: /home/lee/workspace/ros2_ex_mav/install/mav/lib/mav/mav2_syn
[22.225s] -- Symlinking: /home/lee/workspace/ros2_ex_mav/install/mav/lib/mav/mav3_syn
[22.230s] -- Symlinking: /home/lee/workspace/ros2_ex_mav/install/mav/lib/mav/mav4_syn
[22.234s] -- Symlinking: /home/lee/workspace/ros2_ex_mav/install/mav/share/mav/launch/mav_launch.xml
[22.239s] -- Symlinking: /home/lee/workspace/ros2_ex_mav/install/mav/share/mav/launch/mav_syn_launch
[22.243s] -- Symlinking: /home/lee/workspace/ros2_ex_mav/install/mav/share/ament_index/resource_index/package_run_dependencies/mav
[22.247s] -- Symlinking: /home/lee/workspace/ros2_ex_mav/install/mav/share/ament_index/resource_index/parent_prefix_path/mav
[22.250s] -- Symlinking: /home/lee/workspace/ros2_ex_mav/install/mav/share/mav/environment/ament_prefix_path.sh
[22.254s] -- Symlinking: /home/lee/workspace/ros2_ex_mav/install/mav/share/mav/environment/ament_prefix_path.dsv
[22.258s] -- Symlinking: /home/lee/workspace/ros2_ex_mav/install/mav/share/mav/environment/path.sh
[22.263s] -- Symlinking: /home/lee/workspace/ros2_ex_mav/install/mav/share/mav/environment/path.dsv
[22.267s] -- Symlinking: /home/lee/workspace/ros2_ex_mav/install/mav/share/mav/local_setup.bash
[22.270s] -- Symlinking: /home/lee/workspace/ros2_ex_mav/install/mav/share/mav/local_setup.sh
[22.274s] -- Symlinking: /home/lee/workspace/ros2_ex_mav/install/mav/share/mav/local_setup.zsh
[22.278s] -- Symlinking: /home/lee/workspace/ros2_ex_mav/install/mav/share/mav/local_setup.dsv
[22.282s] -- Symlinking: /home/lee/workspace/ros2_ex_mav/install/mav/share/mav/package.dsv
[22.287s] -- Symlinking: /home/lee/workspace/ros2_ex_mav/install/mav/share/ament_index/resource_index/packages/mav
[22.290s] -- Symlinking: /home/lee/workspace/ros2_ex_mav/install/mav/share/mav/cmake/mavConfig.cmake
[22.295s] -- Symlinking: /home/lee/workspace/ros2_ex_mav/install/mav/share/mav/cmake/mavConfig-version.cmake
[22.300s] -- Symlinking: /home/lee/workspace/ros2_ex_mav/install/mav/share/mav/package.xml
[22.306s] Invoked command in '/home/lee/workspace/ros2_ex_mav/build/mav' returned '0': CMAKE_PREFIX_PATH=/home/lee/workspace/ros2_ex_mav/install/px4_msgs:/home/lee/workspace/ros2_ex_mav/install/px4_multi_uav:/home/lee/workspace/ros2_ex_mav/install/mav:/home/lee/workspace/ros2_ex/install/mav:/home/lee/workspace/ros2_ex/install/ground:/home/lee/workspace/ros2_ex/install/MAV4:/home/lee/workspace/ros2_ex/install/MAV3:/home/lee/workspace/ros2_ex/install/MAV2:/home/lee/workspace/ros2_ex/install/MAV1:/home/lee/workspace/ros2_ex/install/MAV:/home/lee/workspace/ros2_ex/install/px4_msgs:/opt/ros/humble /usr/bin/cmake --install /home/lee/workspace/ros2_ex_mav/build/mav
