[0.001s] Invoking command in '/home/lee/workspace/ros2_ex_mav/build/px4_multi_uav': CMAKE_PREFIX_PATH=/home/lee/workspace/ros2_ex_mav/install/px4_msgs:/home/lee/workspace/ros2_ex_mav/install/px4_multi_uav:/home/lee/workspace/ros2_ex_mav/install/mav:/home/lee/workspace/ros2_ex/install/mav:/home/lee/workspace/ros2_ex/install/ground:/home/lee/workspace/ros2_ex/install/MAV4:/home/lee/workspace/ros2_ex/install/MAV3:/home/lee/workspace/ros2_ex/install/MAV2:/home/lee/workspace/ros2_ex/install/MAV1:/home/lee/workspace/ros2_ex/install/MAV:/home/lee/workspace/ros2_ex/install/px4_msgs:/opt/ros/humble /usr/bin/cmake --build /home/lee/workspace/ros2_ex_mav/build/px4_multi_uav -- -j32 -l32
[0.001s] [35m[1mConsolidate compiler generated dependencies of target leader[0m
[0.001s] [ 13%] Built target mav3
[0.001s] [ 26%] Built target formation
[0.001s] [ 40%] Built target mav1
[0.001s] [ 60%] Built target keyboard_node
[0.002s] [ 86%] Built target mav4
[0.002s] [ 86%] Built target mav2
[0.002s] [ 93%] [32mBuilding CXX object CMakeFiles/leader.dir/node/leader.cpp.o[0m
[1.021s] [01m[K/home/lee/workspace/ros2_ex_mav/src/px4_multi_uav/node/leader.cpp:[m[K In constructor ‘[01m[KVirtualLeaderNode::VirtualLeaderNode()[m[K’:
[1.021s] [01m[K/home/lee/workspace/ros2_ex_mav/src/px4_multi_uav/node/leader.cpp:35:43:[m[K [01;31m[Kerror: [m[K‘[01m[Kmav1_pose_cb[m[K’ is not a member of ‘[01m[KVirtualLeaderNode[m[K’
[1.021s]    35 |             std::bind(&VirtualLeaderNode::[01;31m[Kmav1_pose_cb[m[K, this, std::placeholders::_1));
[1.021s]       |                                           [01;31m[K^~~~~~~~~~~~[m[K
[1.021s] [01m[K/home/lee/workspace/ros2_ex_mav/src/px4_multi_uav/node/leader.cpp:39:43:[m[K [01;31m[Kerror: [m[K‘[01m[Kmav2_pose_cb[m[K’ is not a member of ‘[01m[KVirtualLeaderNode[m[K’
[1.021s]    39 |             std::bind(&VirtualLeaderNode::[01;31m[Kmav2_pose_cb[m[K, this, std::placeholders::_1));
[1.021s]       |                                           [01;31m[K^~~~~~~~~~~~[m[K
[1.021s] [01m[K/home/lee/workspace/ros2_ex_mav/src/px4_multi_uav/node/leader.cpp:43:43:[m[K [01;31m[Kerror: [m[K‘[01m[Kmav3_pose_cb[m[K’ is not a member of ‘[01m[KVirtualLeaderNode[m[K’
[1.021s]    43 |             std::bind(&VirtualLeaderNode::[01;31m[Kmav3_pose_cb[m[K, this, std::placeholders::_1));
[1.021s]       |                                           [01;31m[K^~~~~~~~~~~~[m[K
[1.021s] [01m[K/home/lee/workspace/ros2_ex_mav/src/px4_multi_uav/node/leader.cpp:47:43:[m[K [01;31m[Kerror: [m[K‘[01m[Kmav4_pose_cb[m[K’ is not a member of ‘[01m[KVirtualLeaderNode[m[K’
[1.021s]    47 |             std::bind(&VirtualLeaderNode::[01;31m[Kmav4_pose_cb[m[K, this, std::placeholders::_1));
[1.021s]       |                                           [01;31m[K^~~~~~~~~~~~[m[K
[2.026s] gmake[2]: *** [CMakeFiles/leader.dir/build.make:76: CMakeFiles/leader.dir/node/leader.cpp.o] Error 1
[2.026s] gmake[1]: *** [CMakeFiles/Makefile2:201: CMakeFiles/leader.dir/all] Error 2
[2.026s] gmake: *** [Makefile:146: all] Error 2
[2.029s] Invoked command in '/home/lee/workspace/ros2_ex_mav/build/px4_multi_uav' returned '2': CMAKE_PREFIX_PATH=/home/lee/workspace/ros2_ex_mav/install/px4_msgs:/home/lee/workspace/ros2_ex_mav/install/px4_multi_uav:/home/lee/workspace/ros2_ex_mav/install/mav:/home/lee/workspace/ros2_ex/install/mav:/home/lee/workspace/ros2_ex/install/ground:/home/lee/workspace/ros2_ex/install/MAV4:/home/lee/workspace/ros2_ex/install/MAV3:/home/lee/workspace/ros2_ex/install/MAV2:/home/lee/workspace/ros2_ex/install/MAV1:/home/lee/workspace/ros2_ex/install/MAV:/home/lee/workspace/ros2_ex/install/px4_msgs:/opt/ros/humble /usr/bin/cmake --build /home/lee/workspace/ros2_ex_mav/build/px4_multi_uav -- -j32 -l32
