[0.000s] Invoking command in '/home/lee/workspace/ros2_ex_mav/build/mav': CMAKE_PREFIX_PATH=/home/lee/workspace/ros2_ex_mav/install/px4_msgs:/home/lee/workspace/ros2_ex_mav/install/mav:/home/lee/workspace/ros2_ex/install/mav:/home/lee/workspace/ros2_ex/install/ground:/home/lee/workspace/ros2_ex/install/MAV4:/home/lee/workspace/ros2_ex/install/MAV3:/home/lee/workspace/ros2_ex/install/MAV2:/home/lee/workspace/ros2_ex/install/MAV1:/home/lee/workspace/ros2_ex/install/MAV:/home/lee/workspace/ros2_ex/install/px4_msgs:/home/lee/workspace/vrpn/vrpn_optitrack/install/vrpn_mocap:/opt/ros/humble /usr/bin/cmake /home/lee/workspace/ros2_ex_mav/src/MAV -DCMAKE_BUILD_TYPE=RelWithDebInfo -DAMENT_CMAKE_SYMLINK_INSTALL=1 -DCMAKE_INSTALL_PREFIX=/home/lee/workspace/ros2_ex_mav/install/mav
[0.001s] -- Found ament_cmake: 1.3.12 (/opt/ros/humble/share/ament_cmake/cmake)
[0.001s] -- Override CMake install command with custom implementation using symlinks instead of copying resources
[0.001s] -- Found rclcpp: 16.0.15 (/opt/ros/humble/share/rclcpp/cmake)
[0.024s] -- Found rosidl_generator_c: 3.1.7 (/opt/ros/humble/share/rosidl_generator_c/cmake)
[0.025s] -- Found rosidl_adapter: 3.1.7 (/opt/ros/humble/share/rosidl_adapter/cmake)
[0.027s] -- Found rosidl_generator_cpp: 3.1.7 (/opt/ros/humble/share/rosidl_generator_cpp/cmake)
[0.031s] -- Using all available rosidl_typesupport_c: rosidl_typesupport_fastrtps_c;rosidl_typesupport_introspection_c
[0.037s] -- Using all available rosidl_typesupport_cpp: rosidl_typesupport_fastrtps_cpp;rosidl_typesupport_introspection_cpp
[0.062s] -- Found rmw_implementation_cmake: 6.1.2 (/opt/ros/humble/share/rmw_implementation_cmake/cmake)
[0.064s] -- Found rmw_fastrtps_cpp: 6.2.8 (/opt/ros/humble/share/rmw_fastrtps_cpp/cmake)
[0.132s] -- Using RMW implementation 'rmw_fastrtps_cpp' as default
[0.174s] -- Found geometry_msgs: 4.9.0 (/opt/ros/humble/share/geometry_msgs/cmake)
[0.183s] -- Found nav_msgs: 4.9.0 (/opt/ros/humble/share/nav_msgs/cmake)
[0.193s] -- Found tf2: 0.25.16 (/opt/ros/humble/share/tf2/cmake)
[0.196s] -- Found tf2_ros: 0.25.16 (/opt/ros/humble/share/tf2_ros/cmake)
[0.254s] -- Found px4_msgs: 2.0.1 (/home/lee/workspace/ros2_ex_mav/install/px4_msgs/share/px4_msgs/cmake)
[0.264s] -- Found ament_lint_auto: 0.12.14 (/opt/ros/humble/share/ament_lint_auto/cmake)
[0.303s] -- Added test 'cppcheck' to perform static code analysis on C / C++ code
[0.303s] -- Configured cppcheck include dirs: /home/lee/workspace/ros2_ex_mav/src/MAV/include
[0.303s] -- Configured cppcheck exclude dirs and/or files: 
[0.303s] -- Added test 'lint_cmake' to check CMake code style
[0.304s] -- Added test 'uncrustify' to check C / C++ code style
[0.304s] -- Configured uncrustify additional arguments: 
[0.304s] -- Added test 'xmllint' to check XML markup files
[0.305s] -- Configuring done
[0.318s] -- Generating done
[0.321s] -- Build files have been written to: /home/lee/workspace/ros2_ex_mav/build/mav
[0.326s] Invoked command in '/home/lee/workspace/ros2_ex_mav/build/mav' returned '0': CMAKE_PREFIX_PATH=/home/lee/workspace/ros2_ex_mav/install/px4_msgs:/home/lee/workspace/ros2_ex_mav/install/mav:/home/lee/workspace/ros2_ex/install/mav:/home/lee/workspace/ros2_ex/install/ground:/home/lee/workspace/ros2_ex/install/MAV4:/home/lee/workspace/ros2_ex/install/MAV3:/home/lee/workspace/ros2_ex/install/MAV2:/home/lee/workspace/ros2_ex/install/MAV1:/home/lee/workspace/ros2_ex/install/MAV:/home/lee/workspace/ros2_ex/install/px4_msgs:/home/lee/workspace/vrpn/vrpn_optitrack/install/vrpn_mocap:/opt/ros/humble /usr/bin/cmake /home/lee/workspace/ros2_ex_mav/src/MAV -DCMAKE_BUILD_TYPE=RelWithDebInfo -DAMENT_CMAKE_SYMLINK_INSTALL=1 -DCMAKE_INSTALL_PREFIX=/home/lee/workspace/ros2_ex_mav/install/mav
[0.326s] Invoking command in '/home/lee/workspace/ros2_ex_mav/build/mav': CMAKE_PREFIX_PATH=/home/lee/workspace/ros2_ex_mav/install/px4_msgs:/home/lee/workspace/ros2_ex_mav/install/mav:/home/lee/workspace/ros2_ex/install/mav:/home/lee/workspace/ros2_ex/install/ground:/home/lee/workspace/ros2_ex/install/MAV4:/home/lee/workspace/ros2_ex/install/MAV3:/home/lee/workspace/ros2_ex/install/MAV2:/home/lee/workspace/ros2_ex/install/MAV1:/home/lee/workspace/ros2_ex/install/MAV:/home/lee/workspace/ros2_ex/install/px4_msgs:/home/lee/workspace/vrpn/vrpn_optitrack/install/vrpn_mocap:/opt/ros/humble /usr/bin/cmake --build /home/lee/workspace/ros2_ex_mav/build/mav -- -j32 -l32
[0.355s] [35m[1mConsolidate compiler generated dependencies of target mav1[0m
[0.355s] [35m[1mConsolidate compiler generated dependencies of target mav2[0m
[0.355s] [35m[1mConsolidate compiler generated dependencies of target mav3[0m
[0.355s] [35m[1mConsolidate compiler generated dependencies of target mav4[0m
[0.367s] [ 12%] [32mBuilding CXX object CMakeFiles/mav3.dir/node/mav3.cpp.o[0m
[0.368s] [ 25%] [32mBuilding CXX object CMakeFiles/mav1.dir/node/mav1.cpp.o[0m
[0.368s] [ 37%] [32mBuilding CXX object CMakeFiles/mav2.dir/node/mav2.cpp.o[0m
[0.369s] [ 50%] [32mBuilding CXX object CMakeFiles/mav4.dir/node/mav4.cpp.o[0m
[2.059s] [01m[K/home/lee/workspace/ros2_ex_mav/src/MAV/node/mav3.cpp:[m[K In member function ‘[01m[Kvoid MAVControl_Node::T_cmd_calculate()[m[K’:
[2.059s] [01m[K/home/lee/workspace/ros2_ex_mav/src/MAV/node/mav3.cpp:136:15:[m[K [01;35m[Kwarning: [m[Kunused variable ‘[01m[Kthrust[m[K’ [[01;35m[K]8;;https://gcc.gnu.org/onlinedocs/gcc/Warning-Options.html#index-Wunused-variable-Wunused-variable]8;;[m[K]
[2.059s]   136 |        double [01;35m[Kthrust[m[K = T_cmd_.data[0];
[2.059s]       |               [01;35m[K^~~~~~[m[K
[2.077s] [01m[K/home/lee/workspace/ros2_ex_mav/src/MAV/node/mav1.cpp:[m[K In member function ‘[01m[Kvoid MAVControl_Node::T_cmd_calculate()[m[K’:
[2.077s] [01m[K/home/lee/workspace/ros2_ex_mav/src/MAV/node/mav1.cpp:141:15:[m[K [01;35m[Kwarning: [m[Kunused variable ‘[01m[Kthrust[m[K’ [[01;35m[K]8;;https://gcc.gnu.org/onlinedocs/gcc/Warning-Options.html#index-Wunused-variable-Wunused-variable]8;;[m[K]
[2.077s]   141 |        double [01;35m[Kthrust[m[K = T_cmd_.data[0];
[2.077s]       |               [01;35m[K^~~~~~[m[K
[15.053s] [ 62%] [32m[1mLinking CXX executable mav3[0m
[15.130s] [ 75%] [32m[1mLinking CXX executable mav1[0m
[15.254s] [ 87%] [32m[1mLinking CXX executable mav2[0m
[15.283s] [100%] [32m[1mLinking CXX executable mav4[0m
[15.347s] [100%] Built target mav3
[15.371s] [100%] Built target mav1
[15.491s] [100%] Built target mav2
[15.518s] [100%] Built target mav4
[15.526s] Invoked command in '/home/lee/workspace/ros2_ex_mav/build/mav' returned '0': CMAKE_PREFIX_PATH=/home/lee/workspace/ros2_ex_mav/install/px4_msgs:/home/lee/workspace/ros2_ex_mav/install/mav:/home/lee/workspace/ros2_ex/install/mav:/home/lee/workspace/ros2_ex/install/ground:/home/lee/workspace/ros2_ex/install/MAV4:/home/lee/workspace/ros2_ex/install/MAV3:/home/lee/workspace/ros2_ex/install/MAV2:/home/lee/workspace/ros2_ex/install/MAV1:/home/lee/workspace/ros2_ex/install/MAV:/home/lee/workspace/ros2_ex/install/px4_msgs:/home/lee/workspace/vrpn/vrpn_optitrack/install/vrpn_mocap:/opt/ros/humble /usr/bin/cmake --build /home/lee/workspace/ros2_ex_mav/build/mav -- -j32 -l32
[15.527s] Invoking command in '/home/lee/workspace/ros2_ex_mav/build/mav': CMAKE_PREFIX_PATH=/home/lee/workspace/ros2_ex_mav/install/px4_msgs:/home/lee/workspace/ros2_ex_mav/install/mav:/home/lee/workspace/ros2_ex/install/mav:/home/lee/workspace/ros2_ex/install/ground:/home/lee/workspace/ros2_ex/install/MAV4:/home/lee/workspace/ros2_ex/install/MAV3:/home/lee/workspace/ros2_ex/install/MAV2:/home/lee/workspace/ros2_ex/install/MAV1:/home/lee/workspace/ros2_ex/install/MAV:/home/lee/workspace/ros2_ex/install/px4_msgs:/home/lee/workspace/vrpn/vrpn_optitrack/install/vrpn_mocap:/opt/ros/humble /usr/bin/cmake --install /home/lee/workspace/ros2_ex_mav/build/mav
[15.531s] -- Install configuration: "RelWithDebInfo"
[15.531s] -- Execute custom install script
[15.531s] -- Up-to-date symlink: /home/lee/workspace/ros2_ex_mav/install/mav/lib/mav/mav1
[15.531s] -- Up-to-date symlink: /home/lee/workspace/ros2_ex_mav/install/mav/lib/mav/mav2
[15.532s] -- Up-to-date symlink: /home/lee/workspace/ros2_ex_mav/install/mav/lib/mav/mav3
[15.532s] -- Up-to-date symlink: /home/lee/workspace/ros2_ex_mav/install/mav/lib/mav/mav4
[15.532s] -- Up-to-date symlink: /home/lee/workspace/ros2_ex_mav/install/mav/share/mav/launch/mav_launch.xml
[15.532s] -- Up-to-date symlink: /home/lee/workspace/ros2_ex_mav/install/mav/share/ament_index/resource_index/package_run_dependencies/mav
[15.532s] -- Up-to-date symlink: /home/lee/workspace/ros2_ex_mav/install/mav/share/ament_index/resource_index/parent_prefix_path/mav
[15.532s] -- Up-to-date symlink: /home/lee/workspace/ros2_ex_mav/install/mav/share/mav/environment/ament_prefix_path.sh
[15.532s] -- Up-to-date symlink: /home/lee/workspace/ros2_ex_mav/install/mav/share/mav/environment/ament_prefix_path.dsv
[15.532s] -- Up-to-date symlink: /home/lee/workspace/ros2_ex_mav/install/mav/share/mav/environment/path.sh
[15.532s] -- Up-to-date symlink: /home/lee/workspace/ros2_ex_mav/install/mav/share/mav/environment/path.dsv
[15.532s] -- Up-to-date symlink: /home/lee/workspace/ros2_ex_mav/install/mav/share/mav/local_setup.bash
[15.532s] -- Up-to-date symlink: /home/lee/workspace/ros2_ex_mav/install/mav/share/mav/local_setup.sh
[15.532s] -- Up-to-date symlink: /home/lee/workspace/ros2_ex_mav/install/mav/share/mav/local_setup.zsh
[15.532s] -- Up-to-date symlink: /home/lee/workspace/ros2_ex_mav/install/mav/share/mav/local_setup.dsv
[15.532s] -- Symlinking: /home/lee/workspace/ros2_ex_mav/install/mav/share/mav/package.dsv
[15.539s] -- Up-to-date symlink: /home/lee/workspace/ros2_ex_mav/install/mav/share/ament_index/resource_index/packages/mav
[15.539s] -- Up-to-date symlink: /home/lee/workspace/ros2_ex_mav/install/mav/share/mav/cmake/mavConfig.cmake
[15.539s] -- Up-to-date symlink: /home/lee/workspace/ros2_ex_mav/install/mav/share/mav/cmake/mavConfig-version.cmake
[15.539s] -- Up-to-date symlink: /home/lee/workspace/ros2_ex_mav/install/mav/share/mav/package.xml
[15.540s] Invoked command in '/home/lee/workspace/ros2_ex_mav/build/mav' returned '0': CMAKE_PREFIX_PATH=/home/lee/workspace/ros2_ex_mav/install/px4_msgs:/home/lee/workspace/ros2_ex_mav/install/mav:/home/lee/workspace/ros2_ex/install/mav:/home/lee/workspace/ros2_ex/install/ground:/home/lee/workspace/ros2_ex/install/MAV4:/home/lee/workspace/ros2_ex/install/MAV3:/home/lee/workspace/ros2_ex/install/MAV2:/home/lee/workspace/ros2_ex/install/MAV1:/home/lee/workspace/ros2_ex/install/MAV:/home/lee/workspace/ros2_ex/install/px4_msgs:/home/lee/workspace/vrpn/vrpn_optitrack/install/vrpn_mocap:/opt/ros/humble /usr/bin/cmake --install /home/lee/workspace/ros2_ex_mav/build/mav
