[0.007s] Invoking command in '/home/lee/workspace/ros2_ex_mav/build/mav': AMENT_PREFIX_PATH=/home/lee/workspace/ros2_ex_mav/install/px4_msgs:${AMENT_PREFIX_PATH} CMAKE_PREFIX_PATH=/home/lee/workspace/ros2_ex_mav/install/px4_msgs:/home/lee/workspace/ros2_ex/install/mav:/home/lee/workspace/ros2_ex/install/ground:/home/lee/workspace/ros2_ex/install/MAV4:/home/lee/workspace/ros2_ex/install/MAV3:/home/lee/workspace/ros2_ex/install/MAV2:/home/lee/workspace/ros2_ex/install/MAV1:/home/lee/workspace/ros2_ex/install/MAV:/home/lee/workspace/ros2_ex/install/px4_msgs:/home/lee/workspace/vrpn/vrpn_optitrack/install/vrpn_mocap:/opt/ros/humble LD_LIBRARY_PATH=/home/lee/workspace/ros2_ex_mav/install/px4_msgs/lib:${LD_LIBRARY_PATH} PYTHONPATH=/home/lee/workspace/ros2_ex_mav/install/px4_msgs/local/lib/python3.10/dist-packages:${PYTHONPATH} /usr/bin/cmake /home/lee/workspace/ros2_ex_mav/src/MAV -DCMAKE_INSTALL_PREFIX=/home/lee/workspace/ros2_ex_mav/install/mav
[0.013s] -- Found ament_cmake: 1.3.12 (/opt/ros/humble/share/ament_cmake/cmake)
[0.074s] -- Override CMake install command with custom implementation using symlinks instead of copying resources
[0.077s] -- Found rclcpp: 16.0.15 (/opt/ros/humble/share/rclcpp/cmake)
[0.089s] -- Found rosidl_generator_c: 3.1.7 (/opt/ros/humble/share/rosidl_generator_c/cmake)
[0.090s] -- Found rosidl_adapter: 3.1.7 (/opt/ros/humble/share/rosidl_adapter/cmake)
[0.093s] -- Found rosidl_generator_cpp: 3.1.7 (/opt/ros/humble/share/rosidl_generator_cpp/cmake)
[0.097s] -- Using all available rosidl_typesupport_c: rosidl_typesupport_fastrtps_c;rosidl_typesupport_introspection_c
[0.102s] -- Using all available rosidl_typesupport_cpp: rosidl_typesupport_fastrtps_cpp;rosidl_typesupport_introspection_cpp
[0.115s] -- Found rmw_implementation_cmake: 6.1.2 (/opt/ros/humble/share/rmw_implementation_cmake/cmake)
[0.116s] -- Found rmw_fastrtps_cpp: 6.2.8 (/opt/ros/humble/share/rmw_fastrtps_cpp/cmake)
[0.176s] -- Using RMW implementation 'rmw_fastrtps_cpp' as default
[0.205s] -- Found geometry_msgs: 4.9.0 (/opt/ros/humble/share/geometry_msgs/cmake)
[0.210s] -- Found nav_msgs: 4.9.0 (/opt/ros/humble/share/nav_msgs/cmake)
[0.216s] -- Found tf2: 0.25.16 (/opt/ros/humble/share/tf2/cmake)
[0.218s] -- Found tf2_ros: 0.25.16 (/opt/ros/humble/share/tf2_ros/cmake)
[0.251s] -- Found px4_msgs: 2.0.1 (/home/lee/workspace/ros2_ex_mav/install/px4_msgs/share/px4_msgs/cmake)
[0.259s] -- Found ament_lint_auto: 0.12.14 (/opt/ros/humble/share/ament_lint_auto/cmake)
[0.290s] -- Added test 'cppcheck' to perform static code analysis on C / C++ code
[0.290s] -- Configured cppcheck include dirs: /home/lee/workspace/ros2_ex_mav/src/MAV/include
[0.290s] -- Configured cppcheck exclude dirs and/or files: 
[0.290s] -- Added test 'lint_cmake' to check CMake code style
[0.291s] -- Added test 'uncrustify' to check C / C++ code style
[0.291s] -- Configured uncrustify additional arguments: 
[0.291s] -- Added test 'xmllint' to check XML markup files
[0.291s] -- Configuring done
[0.300s] -- Generating done
[0.303s] -- Build files have been written to: /home/lee/workspace/ros2_ex_mav/build/mav
[0.307s] Invoked command in '/home/lee/workspace/ros2_ex_mav/build/mav' returned '0': AMENT_PREFIX_PATH=/home/lee/workspace/ros2_ex_mav/install/px4_msgs:${AMENT_PREFIX_PATH} CMAKE_PREFIX_PATH=/home/lee/workspace/ros2_ex_mav/install/px4_msgs:/home/lee/workspace/ros2_ex/install/mav:/home/lee/workspace/ros2_ex/install/ground:/home/lee/workspace/ros2_ex/install/MAV4:/home/lee/workspace/ros2_ex/install/MAV3:/home/lee/workspace/ros2_ex/install/MAV2:/home/lee/workspace/ros2_ex/install/MAV1:/home/lee/workspace/ros2_ex/install/MAV:/home/lee/workspace/ros2_ex/install/px4_msgs:/home/lee/workspace/vrpn/vrpn_optitrack/install/vrpn_mocap:/opt/ros/humble LD_LIBRARY_PATH=/home/lee/workspace/ros2_ex_mav/install/px4_msgs/lib:${LD_LIBRARY_PATH} PYTHONPATH=/home/lee/workspace/ros2_ex_mav/install/px4_msgs/local/lib/python3.10/dist-packages:${PYTHONPATH} /usr/bin/cmake /home/lee/workspace/ros2_ex_mav/src/MAV -DCMAKE_INSTALL_PREFIX=/home/lee/workspace/ros2_ex_mav/install/mav
[0.308s] Invoking command in '/home/lee/workspace/ros2_ex_mav/build/mav': AMENT_PREFIX_PATH=/home/lee/workspace/ros2_ex_mav/install/px4_msgs:${AMENT_PREFIX_PATH} CMAKE_PREFIX_PATH=/home/lee/workspace/ros2_ex_mav/install/px4_msgs:/home/lee/workspace/ros2_ex/install/mav:/home/lee/workspace/ros2_ex/install/ground:/home/lee/workspace/ros2_ex/install/MAV4:/home/lee/workspace/ros2_ex/install/MAV3:/home/lee/workspace/ros2_ex/install/MAV2:/home/lee/workspace/ros2_ex/install/MAV1:/home/lee/workspace/ros2_ex/install/MAV:/home/lee/workspace/ros2_ex/install/px4_msgs:/home/lee/workspace/vrpn/vrpn_optitrack/install/vrpn_mocap:/opt/ros/humble LD_LIBRARY_PATH=/home/lee/workspace/ros2_ex_mav/install/px4_msgs/lib:${LD_LIBRARY_PATH} PYTHONPATH=/home/lee/workspace/ros2_ex_mav/install/px4_msgs/local/lib/python3.10/dist-packages:${PYTHONPATH} /usr/bin/cmake --build /home/lee/workspace/ros2_ex_mav/build/mav -- -j32 -l32
[0.334s] [35m[1mConsolidate compiler generated dependencies of target mav2[0m
[0.334s] [35m[1mConsolidate compiler generated dependencies of target mav1[0m
[0.334s] [35m[1mConsolidate compiler generated dependencies of target mav3[0m
[0.336s] [35m[1mConsolidate compiler generated dependencies of target mav4[0m
[0.344s] [ 12%] [32mBuilding CXX object CMakeFiles/mav1.dir/node/mav1.cpp.o[0m
[0.345s] [ 62%] Built target mav3
[0.346s] [ 62%] Built target mav2
[0.347s] [ 75%] [32mBuilding CXX object CMakeFiles/mav4.dir/node/mav4.cpp.o[0m
[1.864s] [01m[K/home/lee/workspace/ros2_ex_mav/src/MAV/node/mav4.cpp:[m[K In member function ‘[01m[Kvoid MAVControl_Node::T_cmd_calculate()[m[K’:
[1.864s] [01m[K/home/lee/workspace/ros2_ex_mav/src/MAV/node/mav4.cpp:137:15:[m[K [01;35m[Kwarning: [m[Kunused variable ‘[01m[Kthrust[m[K’ [[01;35m[K]8;;https://gcc.gnu.org/onlinedocs/gcc/Warning-Options.html#index-Wunused-variable-Wunused-variable]8;;[m[K]
[1.864s]   137 |        double [01;35m[Kthrust[m[K = T_cmd_.data[0];
[1.864s]       |               [01;35m[K^~~~~~[m[K
[1.877s] [01m[K/home/lee/workspace/ros2_ex_mav/src/MAV/node/mav1.cpp:[m[K In member function ‘[01m[Kvoid MAVControl_Node::T_cmd_calculate()[m[K’:
[1.877s] [01m[K/home/lee/workspace/ros2_ex_mav/src/MAV/node/mav1.cpp:141:15:[m[K [01;35m[Kwarning: [m[Kunused variable ‘[01m[Kthrust[m[K’ [[01;35m[K]8;;https://gcc.gnu.org/onlinedocs/gcc/Warning-Options.html#index-Wunused-variable-Wunused-variable]8;;[m[K]
[1.877s]   141 |        double [01;35m[Kthrust[m[K = T_cmd_.data[0];
[1.877s]       |               [01;35m[K^~~~~~[m[K
[13.971s] [ 87%] [32m[1mLinking CXX executable mav1[0m
[13.982s] [100%] [32m[1mLinking CXX executable mav4[0m
[14.197s] [100%] Built target mav4
[14.201s] [100%] Built target mav1
[14.209s] Invoked command in '/home/lee/workspace/ros2_ex_mav/build/mav' returned '0': AMENT_PREFIX_PATH=/home/lee/workspace/ros2_ex_mav/install/px4_msgs:${AMENT_PREFIX_PATH} CMAKE_PREFIX_PATH=/home/lee/workspace/ros2_ex_mav/install/px4_msgs:/home/lee/workspace/ros2_ex/install/mav:/home/lee/workspace/ros2_ex/install/ground:/home/lee/workspace/ros2_ex/install/MAV4:/home/lee/workspace/ros2_ex/install/MAV3:/home/lee/workspace/ros2_ex/install/MAV2:/home/lee/workspace/ros2_ex/install/MAV1:/home/lee/workspace/ros2_ex/install/MAV:/home/lee/workspace/ros2_ex/install/px4_msgs:/home/lee/workspace/vrpn/vrpn_optitrack/install/vrpn_mocap:/opt/ros/humble LD_LIBRARY_PATH=/home/lee/workspace/ros2_ex_mav/install/px4_msgs/lib:${LD_LIBRARY_PATH} PYTHONPATH=/home/lee/workspace/ros2_ex_mav/install/px4_msgs/local/lib/python3.10/dist-packages:${PYTHONPATH} /usr/bin/cmake --build /home/lee/workspace/ros2_ex_mav/build/mav -- -j32 -l32
[14.209s] Invoking command in '/home/lee/workspace/ros2_ex_mav/build/mav': AMENT_PREFIX_PATH=/home/lee/workspace/ros2_ex_mav/install/px4_msgs:${AMENT_PREFIX_PATH} CMAKE_PREFIX_PATH=/home/lee/workspace/ros2_ex_mav/install/px4_msgs:/home/lee/workspace/ros2_ex/install/mav:/home/lee/workspace/ros2_ex/install/ground:/home/lee/workspace/ros2_ex/install/MAV4:/home/lee/workspace/ros2_ex/install/MAV3:/home/lee/workspace/ros2_ex/install/MAV2:/home/lee/workspace/ros2_ex/install/MAV1:/home/lee/workspace/ros2_ex/install/MAV:/home/lee/workspace/ros2_ex/install/px4_msgs:/home/lee/workspace/vrpn/vrpn_optitrack/install/vrpn_mocap:/opt/ros/humble LD_LIBRARY_PATH=/home/lee/workspace/ros2_ex_mav/install/px4_msgs/lib:${LD_LIBRARY_PATH} PYTHONPATH=/home/lee/workspace/ros2_ex_mav/install/px4_msgs/local/lib/python3.10/dist-packages:${PYTHONPATH} /usr/bin/cmake --install /home/lee/workspace/ros2_ex_mav/build/mav
[14.212s] -- Install configuration: "RelWithDebInfo"
[14.212s] -- Execute custom install script
[14.212s] -- Up-to-date symlink: /home/lee/workspace/ros2_ex_mav/install/mav/lib/mav/mav1
[14.212s] -- Up-to-date symlink: /home/lee/workspace/ros2_ex_mav/install/mav/lib/mav/mav2
[14.212s] -- Up-to-date symlink: /home/lee/workspace/ros2_ex_mav/install/mav/lib/mav/mav3
[14.212s] -- Up-to-date symlink: /home/lee/workspace/ros2_ex_mav/install/mav/lib/mav/mav4
[14.212s] -- Up-to-date symlink: /home/lee/workspace/ros2_ex_mav/install/mav/share/mav/launch/mav_launch.xml
[14.213s] -- Up-to-date symlink: /home/lee/workspace/ros2_ex_mav/install/mav/share/ament_index/resource_index/package_run_dependencies/mav
[14.213s] -- Up-to-date symlink: /home/lee/workspace/ros2_ex_mav/install/mav/share/ament_index/resource_index/parent_prefix_path/mav
[14.213s] -- Up-to-date symlink: /home/lee/workspace/ros2_ex_mav/install/mav/share/mav/environment/ament_prefix_path.sh
[14.213s] -- Up-to-date symlink: /home/lee/workspace/ros2_ex_mav/install/mav/share/mav/environment/ament_prefix_path.dsv
[14.213s] -- Up-to-date symlink: /home/lee/workspace/ros2_ex_mav/install/mav/share/mav/environment/path.sh
[14.213s] -- Up-to-date symlink: /home/lee/workspace/ros2_ex_mav/install/mav/share/mav/environment/path.dsv
[14.213s] -- Up-to-date symlink: /home/lee/workspace/ros2_ex_mav/install/mav/share/mav/local_setup.bash
[14.213s] -- Up-to-date symlink: /home/lee/workspace/ros2_ex_mav/install/mav/share/mav/local_setup.sh
[14.213s] -- Up-to-date symlink: /home/lee/workspace/ros2_ex_mav/install/mav/share/mav/local_setup.zsh
[14.213s] -- Up-to-date symlink: /home/lee/workspace/ros2_ex_mav/install/mav/share/mav/local_setup.dsv
[14.213s] -- Symlinking: /home/lee/workspace/ros2_ex_mav/install/mav/share/mav/package.dsv
[14.218s] -- Up-to-date symlink: /home/lee/workspace/ros2_ex_mav/install/mav/share/ament_index/resource_index/packages/mav
[14.218s] -- Up-to-date symlink: /home/lee/workspace/ros2_ex_mav/install/mav/share/mav/cmake/mavConfig.cmake
[14.218s] -- Up-to-date symlink: /home/lee/workspace/ros2_ex_mav/install/mav/share/mav/cmake/mavConfig-version.cmake
[14.218s] -- Up-to-date symlink: /home/lee/workspace/ros2_ex_mav/install/mav/share/mav/package.xml
[14.219s] Invoked command in '/home/lee/workspace/ros2_ex_mav/build/mav' returned '0': AMENT_PREFIX_PATH=/home/lee/workspace/ros2_ex_mav/install/px4_msgs:${AMENT_PREFIX_PATH} CMAKE_PREFIX_PATH=/home/lee/workspace/ros2_ex_mav/install/px4_msgs:/home/lee/workspace/ros2_ex/install/mav:/home/lee/workspace/ros2_ex/install/ground:/home/lee/workspace/ros2_ex/install/MAV4:/home/lee/workspace/ros2_ex/install/MAV3:/home/lee/workspace/ros2_ex/install/MAV2:/home/lee/workspace/ros2_ex/install/MAV1:/home/lee/workspace/ros2_ex/install/MAV:/home/lee/workspace/ros2_ex/install/px4_msgs:/home/lee/workspace/vrpn/vrpn_optitrack/install/vrpn_mocap:/opt/ros/humble LD_LIBRARY_PATH=/home/lee/workspace/ros2_ex_mav/install/px4_msgs/lib:${LD_LIBRARY_PATH} PYTHONPATH=/home/lee/workspace/ros2_ex_mav/install/px4_msgs/local/lib/python3.10/dist-packages:${PYTHONPATH} /usr/bin/cmake --install /home/lee/workspace/ros2_ex_mav/build/mav
